Component: ARM Compiler 5.06 update 7 (build 960) Tool: armlink [4d3601]

==============================================================================

Section Cross References

    blinky.o(.text) refers to fflti.o(.text) for __aeabi_ui2f
    blinky.o(.text) refers to faddsub.o(x$fpl$fsub) for __aeabi_fsub
    blinky.o(.text) refers to fmul.o(x$fpl$fmul) for __aeabi_fmul
    blinky.o(.text) refers to fdiv.o(.text) for __aeabi_fdiv
    blinky.o(.text) refers to system_mkl25z4.o(.text) for SystemCoreClockUpdate
    blinky.o(.text) refers to rt_memcpy.o(.emb_text) for __aeabi_memcpy4
    blinky.o(.text) refers to blinky.o(.bss) for dof_axes
    blinky.o(.text) refers to blinky.o(.data) for PORTD_ISR_Mode
    blinky.o(.text) refers to blinky.o(.constdata) for .constdata
    blinky.o(.text) refers to faddsub.o(x$fpl$fadd) for __aeabi_fadd
    blinky.o(.text) refers to flef.o(x$fpl$fleqf) for __aeabi_cfcmple
    blinky.o(.text) refers to frlef.o(x$fpl$frleqf) for __aeabi_cfrcmple
    blinky.o(.text) refers to ffixui.o(.text) for __aeabi_f2uiz
    blinky.o(.text) refers to f2d.o(.text) for __aeabi_f2d
    blinky.o(.text) refers to daddsub.o(.text) for __aeabi_dadd
    blinky.o(.text) refers to d2f.o(.text) for __aeabi_d2f
    led_frdm-kl25z.o(.text) refers to led_frdm-kl25z.o(.constdata) for led_port
    rtx_conf_cm.o(.emb_text) refers to rt_cmsis.o(i.osKernelInitialize) for osKernelInitialize
    rtx_conf_cm.o(.emb_text) refers to rt_cmsis.o(i.osThreadCreate) for osThreadCreate
    rtx_conf_cm.o(.emb_text) refers to rt_cmsis.o(i.osKernelStart) for osKernelStart
    rtx_conf_cm.o(.emb_text) refers to exit.o(.text) for exit
    rtx_conf_cm.o(.emb_text) refers to rtx_conf_cm.o(.constdata) for os_thread_def_main
    rtx_conf_cm.o(.text) refers to rt_task.o(i.rt_tsk_self) for rt_tsk_self
    rtx_conf_cm.o(.text) refers to rt_mutex.o(i.rt_mut_init) for rt_mut_init
    rtx_conf_cm.o(.text) refers to rt_cmsis.o(.data) for os_running
    rtx_conf_cm.o(.text) refers to rtx_conf_cm.o(.bss) for .bss
    rtx_conf_cm.o(.text) refers to libspace.o(.bss) for __libspace_start
    rtx_conf_cm.o(.text) refers to rtx_conf_cm.o(.data) for .data
    rtx_conf_cm.o(.text) refers to rt_mutex.o(i.rt_mut_wait) for rt_mut_wait
    rtx_conf_cm.o(.text) refers to rt_mutex.o(i.rt_mut_release) for rt_mut_release
    rtx_conf_cm.o(.constdata) refers to rt_cmsis.o(i.osTimerThread) for osTimerThread
    rtx_conf_cm.o(.constdata) refers to rtx_conf_cm.o(.bss) for os_messageQ_q_osTimerMessageQ
    rtx_conf_cm.o(.constdata) refers to blinky.o(.text) for main
    startup_mkl25z4.o(STACK) refers (Special) to heapauxi.o(.text) for __use_two_region_memory
    startup_mkl25z4.o(HEAP) refers (Special) to heapauxi.o(.text) for __use_two_region_memory
    startup_mkl25z4.o(RESET) refers (Special) to heapauxi.o(.text) for __use_two_region_memory
    startup_mkl25z4.o(RESET) refers to startup_mkl25z4.o(STACK) for __initial_sp
    startup_mkl25z4.o(RESET) refers to startup_mkl25z4.o(.text) for Reset_Handler
    startup_mkl25z4.o(RESET) refers to hal_cm0.o(.emb_text) for SVC_Handler
    startup_mkl25z4.o(RESET) refers to blinky.o(.text) for TPM2_IRQHandler
    startup_mkl25z4.o(.ARM.__at_0x400) refers (Special) to heapauxi.o(.text) for __use_two_region_memory
    startup_mkl25z4.o(.text) refers (Special) to heapauxi.o(.text) for __use_two_region_memory
    startup_mkl25z4.o(.text) refers to system_mkl25z4.o(.text) for SystemInit
    startup_mkl25z4.o(.text) refers to __main.o(!!!main) for __main
    startup_mkl25z4.o(.text) refers to startup_mkl25z4.o(HEAP) for Heap_Mem
    startup_mkl25z4.o(.text) refers to startup_mkl25z4.o(STACK) for Stack_Mem
    system_mkl25z4.o(.text) refers to aeabi_sdiv.o(.text) for __aeabi_uidivmod
    system_mkl25z4.o(.text) refers to system_mkl25z4.o(i.__ARM_common_switch8) for __ARM_common_switch8
    system_mkl25z4.o(.text) refers to system_mkl25z4.o(.data) for SystemCoreClock
    rt_cmsis.o(i.isrMessageGet) refers to rt_mailbox.o(i.isr_mbx_receive) for isr_mbx_receive
    rt_cmsis.o(i.isrMessagePut) refers to rt_mailbox.o(i.rt_mbx_check) for rt_mbx_check
    rt_cmsis.o(i.isrMessagePut) refers to rt_mailbox.o(i.isr_mbx_send) for isr_mbx_send
    rt_cmsis.o(i.isrSemaphoreRelease) refers to rt_cmsis.o(i.rt_id2obj) for rt_id2obj
    rt_cmsis.o(i.isrSemaphoreRelease) refers to rt_semaphore.o(i.isr_sem_send) for isr_sem_send
    rt_cmsis.o(i.isrSignalSet) refers to rt_cmsis.o(i.rt_tid2ptcb) for rt_tid2ptcb
    rt_cmsis.o(i.isrSignalSet) refers to rt_event.o(i.isr_evt_set) for isr_evt_set
    rt_cmsis.o(i.osDelay) refers to rt_cmsis.o(i.svcDelay) for svcDelay
    rt_cmsis.o(i.osKernelInitialize) refers to rt_cmsis.o(i.svcKernelInitialize) for svcKernelInitialize
    rt_cmsis.o(i.osKernelRunning) refers to rt_cmsis.o(i.svcKernelRunning) for svcKernelRunning
    rt_cmsis.o(i.osKernelRunning) refers to rt_cmsis.o(.data) for .data
    rt_cmsis.o(i.osKernelStart) refers to rtx_conf_cm.o(.constdata) for os_flags
[...]
    Removing system_mkl25z4.o(.rev16_text), (4 bytes).
    Removing system_mkl25z4.o(.revsh_text), (4 bytes).
    Removing rt_cmsis.o(.rev16_text), (4 bytes).
    Removing rt_cmsis.o(.revsh_text), (4 bytes).
    Removing rt_cmsis.o(i.isrSemaphoreRelease), (44 bytes).
    Removing rt_cmsis.o(i.isrSignalSet), (38 bytes).
    Removing rt_cmsis.o(i.osDelay), (28 bytes).
    Removing rt_cmsis.o(i.osKernelRunning), (40 bytes).
    Removing rt_cmsis.o(i.osKernelSysTick), (28 bytes).
    Removing rt_cmsis.o(i.osMailAlloc), (32 bytes).
    Removing rt_cmsis.o(i.osMailCAlloc), (52 bytes).
    Removing rt_cmsis.o(i.osMailCreate), (52 bytes).
    Removing rt_cmsis.o(i.osMailFree), (32 bytes).
    Removing rt_cmsis.o(i.osMailGet), (24 bytes).
    Removing rt_cmsis.o(i.osMailPut), (28 bytes).
    Removing rt_cmsis.o(i.osMessageCreate), (52 bytes).
    Removing rt_cmsis.o(i.osMessagePut), (28 bytes).
    Removing rt_cmsis.o(i.osMutexCreate), (52 bytes).
    Removing rt_cmsis.o(i.osMutexDelete), (28 bytes).
    Removing rt_cmsis.o(i.osMutexRelease), (28 bytes).
    Removing rt_cmsis.o(i.osMutexWait), (28 bytes).
    Removing rt_cmsis.o(i.osPoolAlloc), (36 bytes).
    Removing rt_cmsis.o(i.osPoolCAlloc), (56 bytes).
    Removing rt_cmsis.o(i.osPoolCreate), (52 bytes).
    Removing rt_cmsis.o(i.osPoolFree), (36 bytes).
    Removing rt_cmsis.o(i.osSemaphoreCreate), (52 bytes).
    Removing rt_cmsis.o(i.osSemaphoreDelete), (28 bytes).
    Removing rt_cmsis.o(i.osSemaphoreRelease), (28 bytes).
    Removing rt_cmsis.o(i.osSemaphoreWait), (28 bytes).
    Removing rt_cmsis.o(i.osSignalClear), (28 bytes).
    Removing rt_cmsis.o(i.osSignalSet), (28 bytes).
    Removing rt_cmsis.o(i.osSignalWait), (28 bytes).
    Removing rt_cmsis.o(i.osThreadGetId), (28 bytes).
    Removing rt_cmsis.o(i.osThreadGetPriority), (28 bytes).
    Removing rt_cmsis.o(i.osThreadSetPriority), (28 bytes).
    Removing rt_cmsis.o(i.osThreadTerminate), (28 bytes).
    Removing rt_cmsis.o(i.osThreadYield), (28 bytes).
    Removing rt_cmsis.o(i.osTimerCreate), (52 bytes).
    Removing rt_cmsis.o(i.osTimerDelete), (28 bytes).
    Removing rt_cmsis.o(i.osTimerStart), (28 bytes).
    Removing rt_cmsis.o(i.osTimerStop), (28 bytes).
    Removing rt_cmsis.o(i.osWait), (4 bytes).
    Removing rt_cmsis.o(i.os_resume), (16 bytes).
    Removing rt_cmsis.o(i.os_suspend), (16 bytes).
    Removing rt_cmsis.o(i.rt_clr_box), (26 bytes).
    Removing rt_cmsis.o(i.rt_timer_remove), (68 bytes).
    Removing rt_cmsis.o(i.svcDelay), (18 bytes).
    Removing rt_cmsis.o(i.svcKernelRunning), (12 bytes).
    Removing rt_cmsis.o(i.svcKernelSysTick), (56 bytes).
    Removing rt_cmsis.o(i.svcMailCreate), (78 bytes).
    Removing rt_cmsis.o(i.svcMessagePut), (56 bytes).
    Removing rt_cmsis.o(i.svcMutexCreate), (32 bytes).
    Removing rt_cmsis.o(i.svcMutexDelete), (28 bytes).
    Removing rt_cmsis.o(i.svcMutexRelease), (36 bytes).
    Removing rt_cmsis.o(i.svcMutexWait), (60 bytes).
    Removing rt_cmsis.o(i.svcPoolCreate), (46 bytes).
    Removing rt_cmsis.o(i.svcSemaphoreCreate), (44 bytes).
    Removing rt_cmsis.o(i.svcSemaphoreDelete), (28 bytes).
    Removing rt_cmsis.o(i.svcSemaphoreRelease), (44 bytes).
    Removing rt_cmsis.o(i.svcSemaphoreWait), (52 bytes).
    Removing rt_cmsis.o(i.svcSignalClear), (38 bytes).
    Removing rt_cmsis.o(i.svcSignalSet), (38 bytes).
    Removing rt_cmsis.o(i.svcSignalWait), (92 bytes).
    Removing rt_cmsis.o(i.svcThreadGetPriority), (20 bytes).
    Removing rt_cmsis.o(i.svcThreadSetPriority), (48 bytes).
    Removing rt_cmsis.o(i.svcThreadYield), (10 bytes).
    Removing rt_cmsis.o(i.svcTimerCreate), (64 bytes).
    Removing rt_cmsis.o(i.svcTimerDelete), (40 bytes).
    Removing rt_cmsis.o(i.svcTimerStart), (108 bytes).
    Removing rt_cmsis.o(i.svcTimerStop), (38 bytes).
    Removing rt_cmsis.o(i.sysMailAlloc), (100 bytes).
    Removing rt_cmsis.o(i.sysMailFree), (106 bytes).
    Removing rt_cmsis.o(i.sysPoolAlloc), (12 bytes).
    Removing rt_cmsis.o(i.sysPoolFree), (22 bytes).
    Removing rt_cmsis.o(i.sysUserTimerUpdate), (48 bytes).
    Removing rt_cmsis.o(i.sysUserTimerWakeupTime), (24 bytes).
    Removing rt_task.o(i.rt_tsk_pass), (44 bytes).
    Removing rt_mutex.o(i.rt_mut_delete), (180 bytes).
    Removing rt_system.o(.emb_text), (0 bytes).
    Removing rt_system.o(i.os_tick_ovf), (16 bytes).
    Removing rt_system.o(i.os_tick_val), (20 bytes).
    Removing rt_system.o(i.rt_resume), (136 bytes).
    Removing rt_system.o(i.rt_suspend), (40 bytes).
    Removing rt_system.o(i.rt_tsk_lock), (84 bytes).
    Removing rt_system.o(i.rt_tsk_unlock), (84 bytes).
    Removing rt_event.o(i.isr_evt_set), (36 bytes).
    Removing rt_event.o(i.rt_evt_clr), (28 bytes).
    Removing rt_event.o(i.rt_evt_get), (12 bytes).
    Removing rt_event.o(i.rt_evt_set), (92 bytes).
    Removing rt_event.o(i.rt_evt_wait), (64 bytes).
    Removing rt_list.o(i.rt_get_same_rdy_prio), (36 bytes).
    Removing rt_mailbox.o(i.rt_mbx_send), (148 bytes).
    Removing rt_semaphore.o(i.isr_sem_send), (14 bytes).
    Removing rt_semaphore.o(i.rt_sem_delete), (96 bytes).
    Removing rt_semaphore.o(i.rt_sem_init), (12 bytes).
    Removing rt_semaphore.o(i.rt_sem_send), (44 bytes).
    Removing rt_semaphore.o(i.rt_sem_wait), (68 bytes).
    Removing rt_time.o(i.rt_dly_wait), (10 bytes).
    Removing rt_time.o(i.rt_itv_set), (24 bytes).
    Removing rt_time.o(i.rt_itv_wait), (44 bytes).
    Removing rt_time.o(i.rt_time_get), (12 bytes).
    Removing rt_membox.o(i._calloc_box), (32 bytes).
    Removing rt_cmsis.o(i.__ARM_common_ll_muluu), (48 bytes).

109 unused section(s) (total 4582 bytes) removed from the image.

==============================================================================

Image Symbol Table

    Local Symbols

    Symbol Name                              Value     Ov Type        Size  Object(Section)

    RESET                                    0x00000000   Section      192  startup_mkl25z4.o(RESET)
    ../clib/angel/boardlib.s                 0x00000000   Number         0  boardshut.o ABSOLUTE
    ../clib/angel/boardlib.s                 0x00000000   Number         0  boardinit1.o ABSOLUTE
    ../clib/angel/boardlib.s                 0x00000000   Number         0  boardinit2.o ABSOLUTE
    ../clib/angel/handlers.s                 0x00000000   Number         0  __scatter_copy.o ABSOLUTE
    ../clib/angel/handlers.s                 0x00000000   Number         0  __scatter_zi.o ABSOLUTE
    ../clib/angel/kernel.s                   0x00000000   Number         0  rtexit.o ABSOLUTE
    ../clib/angel/kernel.s                   0x00000000   Number         0  rtexit2.o ABSOLUTE
    ../clib/angel/kernel.s                   0x00000000   Number         0  __rtentry4.o ABSOLUTE
    ../clib/angel/kernel.s                   0x00000000   Number         0  __rtentry2.o ABSOLUTE
    ../clib/angel/kernel.s                   0x00000000   Number         0  __rtentry.o ABSOLUTE
    ../clib/angel/rt.s                       0x00000000   Number         0  rt_div0.o ABSOLUTE
    ../clib/angel/rt.s                       0x00000000   Number         0  aeabi_idiv0.o ABSOLUTE
    ../clib/angel/rt.s                       0x00000000   Number         0  aeabi_ldiv0_sigfpe.o ABSOLUTE
    ../clib/angel/rt.s                       0x00000000   Number         0  rt_raise.o ABSOLUTE
    ../clib/angel/rt.s                       0x00000000   Number         0  aeabi_ldiv0.o ABSOLUTE
    ../clib/angel/rt.s                       0x00000000   Number         0  aeabi_idiv0_sigfpe.o ABSOLUTE
    ../clib/angel/scatterp.s                 0x00000000   Number         0  __scatter.o ABSOLUTE
    ../clib/angel/startup.s                  0x00000000   Number         0  __main.o ABSOLUTE
    ../clib/angel/sys.s                      0x00000000   Number         0  use_no_semi.o ABSOLUTE
    ../clib/angel/sys.s                      0x00000000   Number         0  tempstk.o ABSOLUTE
    ../clib/angel/sys.s                      0x00000000   Number         0  libspace.o ABSOLUTE
    ../clib/angel/sys.s                      0x00000000   Number         0  indicate_semi.o ABSOLUTE
    ../clib/angel/sys.s                      0x00000000   Number         0  sys_stackheap_outer.o ABSOLUTE
    ../clib/angel/sysapp.c                   0x00000000   Number         0  sys_exit.o ABSOLUTE
    ../clib/angel/sysapp.c                   0x00000000   Number         0  sys_wrch.o ABSOLUTE
    ../clib/angel/sysapp.c                   0x00000000   Number         0  sys_command.o ABSOLUTE
    ../clib/armsys.c                         0x00000000   Number         0  no_argv.o ABSOLUTE
    ../clib/armsys.c                         0x00000000   Number         0  argv_veneer.o ABSOLUTE
    ../clib/armsys.c                         0x00000000   Number         0  _get_argv_nomalloc.o ABSOLUTE
    ../clib/division.c                       0x00000000   Number         0  lludiv.o ABSOLUTE
    ../clib/division.s                       0x00000000   Number         0  aeabi_sdiv.o ABSOLUTE
    ../clib/division.s                       0x00000000   Number         0  aeabi_sdiv_div0.o ABSOLUTE
    ../clib/heapalloc.c                      0x00000000   Number         0  hrguard.o ABSOLUTE
    ../clib/heapaux.c                        0x00000000   Number         0  heapauxi.o ABSOLUTE
    ../clib/libinit.s                        0x00000000   Number         0  libinit2.o ABSOLUTE
    ../clib/libinit.s                        0x00000000   Number         0  libshutdown.o ABSOLUTE
    ../clib/libinit.s                        0x00000000   Number         0  libinit.o ABSOLUTE
    ../clib/libinit.s                        0x00000000   Number         0  libshutdown2.o ABSOLUTE
    ../clib/memcpset.c                       0x00000000   Number         0  rt_memcpy.o ABSOLUTE
    ../clib/memcpset.c                       0x00000000   Number         0  rt_memcpy.o ABSOLUTE
    ../clib/signal.c                         0x00000000   Number         0  defsig_rtmem_inner.o ABSOLUTE
    ../clib/signal.c                         0x00000000   Number         0  defsig_rtmem_formal.o ABSOLUTE
    ../clib/signal.c                         0x00000000   Number         0  defsig_stak_inner.o ABSOLUTE
    ../clib/signal.c                         0x00000000   Number         0  defsig_pvfn_inner.o ABSOLUTE
    ../clib/signal.c                         0x00000000   Number         0  defsig_cppl_inner.o ABSOLUTE
    ../clib/signal.c                         0x00000000   Number         0  defsig_segv_inner.o ABSOLUTE
    ../clib/signal.c                         0x00000000   Number         0  defsig_other.o ABSOLUTE
    ../clib/signal.c                         0x00000000   Number         0  defsig_fpe_inner.o ABSOLUTE
    ../clib/signal.c                         0x00000000   Number         0  defsig_rtmem_outer.o ABSOLUTE
    ../clib/signal.c                         0x00000000   Number         0  defsig_exit.o ABSOLUTE
    ../clib/signal.c                         0x00000000   Number         0  defsig_general.o ABSOLUTE
    ../clib/signal.c                         0x00000000   Number         0  defsig_abrt_inner.o ABSOLUTE
    ../clib/signal.c                         0x00000000   Number         0  __raise.o ABSOLUTE
    ../clib/signal.c                         0x00000000   Number         0  defsig_fpe_formal.o ABSOLUTE
    ../clib/signal.c                         0x00000000   Number         0  defsig_fpe_outer.o ABSOLUTE
    ../clib/signal.c                         0x00000000   Number         0  defsig_rtred_inner.o ABSOLUTE
    ../clib/signal.s                         0x00000000   Number         0  defsig.o ABSOLUTE
    ../clib/stdlib.c                         0x00000000   Number         0  exit.o ABSOLUTE
    ../fplib/cfplib/cmpret.c                 0x00000000   Number         0  cmpret.o ABSOLUTE
    ../fplib/cfplib/d2f.c                    0x00000000   Number         0  d2f.o ABSOLUTE
    ../fplib/cfplib/daddsub.c                0x00000000   Number         0  daddsub.o ABSOLUTE
    ../fplib/cfplib/f2d.c                    0x00000000   Number         0  f2d.o ABSOLUTE
    ../fplib/cfplib/fcmpin.c                 0x00000000   Number         0  fcmpin.o ABSOLUTE
    ../fplib/cfplib/fdiv.c                   0x00000000   Number         0  fdiv.o ABSOLUTE
    ../fplib/cfplib/ffix.c                   0x00000000   Number         0  ffixui.o ABSOLUTE
    ../fplib/cfplib/fflt.c                   0x00000000   Number         0  fflti.o ABSOLUTE
    ../fplib/cfplib/fpinit.c                 0x00000000   Number         0  fpinit.o ABSOLUTE
    ../fplib/cfplib/nan2.c                   0x00000000   Number         0  fnan2.o ABSOLUTE
    ../fplib/cfplib/retnan.c                 0x00000000   Number         0  retnan.o ABSOLUTE
    ../fplib/faddsub6m.s                     0x00000000   Number         0  faddsub.o ABSOLUTE
    ../fplib/fleqf6m.s                       0x00000000   Number         0  flef.o ABSOLUTE
    ../fplib/fmul6m.s                        0x00000000   Number         0  fmul.o ABSOLUTE
    ../fplib/frleqf6m.s                      0x00000000   Number         0  frlef.o ABSOLUTE
    ../fplib/usenofp.s                       0x00000000   Number         0  usenofp.o ABSOLUTE
    ..\HAL_CM.c                              0x00000000   Number         0  hal_cm.o ABSOLUTE
    ..\\rt_CMSIS.c                           0x00000000   Number         0  rt_cmsis.o ABSOLUTE
    ..\\rt_System.c                          0x00000000   Number         0  rt_system.o ABSOLUTE
    ..\rt_CMSIS.c                            0x00000000   Number         0  rt_cmsis.o ABSOLUTE
    ..\rt_Event.c                            0x00000000   Number         0  rt_event.o ABSOLUTE
    ..\rt_List.c                             0x00000000   Number         0  rt_list.o ABSOLUTE
    ..\rt_Mailbox.c                          0x00000000   Number         0  rt_mailbox.o ABSOLUTE
    ..\rt_MemBox.c                           0x00000000   Number         0  rt_membox.o ABSOLUTE
    ..\rt_Memory.c                           0x00000000   Number         0  rt_memory.o ABSOLUTE
    ..\rt_Mutex.c                            0x00000000   Number         0  rt_mutex.o ABSOLUTE
    ..\rt_Robin.c                            0x00000000   Number         0  rt_robin.o ABSOLUTE
    ..\rt_Semaphore.c                        0x00000000   Number         0  rt_semaphore.o ABSOLUTE
    ..\rt_System.c                           0x00000000   Number         0  rt_system.o ABSOLUTE
    ..\rt_Task.c                             0x00000000   Number         0  rt_task.o ABSOLUTE
    ..\rt_Time.c                             0x00000000   Number         0  rt_time.o ABSOLUTE
    Blinky.c                                 0x00000000   Number         0  blinky.o ABSOLUTE
    Blinky.c                                 0x00000000   Number         0  blinky.o ABSOLUTE
    G:\Program Files\Keil_Packs\Keil\Kinetis_KLxx_DFP\1.15.0\Boards\NXP\FRDM-KL25Z\Common\LED_FRDM-KL25Z.c 0x00000000   Number         0  led_frdm-kl25z.o ABSOLUTE
    G:\\Program Files\\Keil_Packs\\Keil\\Kinetis_KLxx_DFP\\1.15.0\\Boards\\NXP\\FRDM-KL25Z\\Common\\LED_FRDM-KL25Z.c 0x00000000   Number         0  led_frdm-kl25z.o ABSOLUTE
    HAL_CM0.c                                0x00000000   Number         0  hal_cm0.o ABSOLUTE
    HAL_CM0.c                                0x00000000   Number         0  hal_cm0.o ABSOLUTE
    RTE\CMSIS\RTX_Conf_CM.c                  0x00000000   Number         0  rtx_conf_cm.o ABSOLUTE
    RTE\Device\MKL25Z128xxx4\startup_MKL25Z4.s 0x00000000   Number         0  startup_mkl25z4.o ABSOLUTE
    RTE\Device\MKL25Z128xxx4\system_MKL25Z4.c 0x00000000   Number         0  system_mkl25z4.o ABSOLUTE
    RTE\\CMSIS\\RTX_Conf_CM.c                0x00000000   Number         0  rtx_conf_cm.o ABSOLUTE
    RTE\\Device\\MKL25Z128xxx4\\system_MKL25Z4.c 0x00000000   Number         0  system_mkl25z4.o ABSOLUTE
    SVC_Table.s                              0x00000000   Number         0  svc_table.o ABSOLUTE
    dc.s                                     0x00000000   Number         0  dc.o ABSOLUTE
    !!!main                                  0x000000c0   Section        8  __main.o(!!!main)
    !!!scatter                               0x000000c8   Section       60  __scatter.o(!!!scatter)
    !!handler_copy                           0x00000104   Section       26  __scatter_copy.o(!!handler_copy)
    !!handler_zi                             0x00000120   Section       28  __scatter_zi.o(!!handler_zi)
    .ARM.Collect$$libinit$$00000000          0x0000013c   Section        2  libinit.o(.ARM.Collect$$libinit$$00000000)
    .ARM.Collect$$libinit$$00000002          0x0000013e   Section        0  libinit2.o(.ARM.Collect$$libinit$$00000002)
    .ARM.Collect$$libinit$$00000004          0x0000013e   Section        0  libinit2.o(.ARM.Collect$$libinit$$00000004)
    .ARM.Collect$$libinit$$0000000A          0x0000013e   Section        0  libinit2.o(.ARM.Collect$$libinit$$0000000A)
    .ARM.Collect$$libinit$$0000000C          0x0000013e   Section        0  libinit2.o(.ARM.Collect$$libinit$$0000000C)
    .ARM.Collect$$libinit$$0000000E          0x0000013e   Section        0  libinit2.o(.ARM.Collect$$libinit$$0000000E)
    .ARM.Collect$$libinit$$00000011          0x0000013e   Section        0  libinit2.o(.ARM.Collect$$libinit$$00000011)
    .ARM.Collect$$libinit$$00000013          0x0000013e   Section        0  libinit2.o(.ARM.Collect$$libinit$$00000013)
    .ARM.Collect$$libinit$$00000015          0x0000013e   Section        0  libinit2.o(.ARM.Collect$$libinit$$00000015)
    .ARM.Collect$$libinit$$00000017          0x0000013e   Section        0  libinit2.o(.ARM.Collect$$libinit$$00000017)
    .ARM.Collect$$libinit$$00000019          0x0000013e   Section        0  libinit2.o(.ARM.Collect$$libinit$$00000019)
    .ARM.Collect$$libinit$$0000001B          0x0000013e   Section        0  libinit2.o(.ARM.Collect$$libinit$$0000001B)
    .ARM.Collect$$libinit$$0000001D          0x0000013e   Section        0  libinit2.o(.ARM.Collect$$libinit$$0000001D)
    .ARM.Collect$$libinit$$0000001F          0x0000013e   Section        0  libinit2.o(.ARM.Collect$$libinit$$0000001F)
    .ARM.Collect$$libinit$$00000021          0x0000013e   Section        0  libinit2.o(.ARM.Collect$$libinit$$00000021)
    .ARM.Collect$$libinit$$00000023          0x0000013e   Section        0  libinit2.o(.ARM.Collect$$libinit$$00000023)
    .ARM.Collect$$libinit$$00000025          0x0000013e   Section        0  libinit2.o(.ARM.Collect$$libinit$$00000025)
    .ARM.Collect$$libinit$$0000002C          0x0000013e   Section        0  libinit2.o(.ARM.Collect$$libinit$$0000002C)
    .ARM.Collect$$libinit$$0000002E          0x0000013e   Section        0  libinit2.o(.ARM.Collect$$libinit$$0000002E)
    .ARM.Collect$$libinit$$00000030          0x0000013e   Section        0  libinit2.o(.ARM.Collect$$libinit$$00000030)
    .ARM.Collect$$libinit$$00000032          0x0000013e   Section        0  libinit2.o(.ARM.Collect$$libinit$$00000032)
    .ARM.Collect$$libinit$$00000033          0x0000013e   Section        2  libinit2.o(.ARM.Collect$$libinit$$00000033)
    .ARM.Collect$$libshutdown$$00000000      0x00000140   Section        2  libshutdown.o(.ARM.Collect$$libshutdown$$00000000)
    .ARM.Collect$$libshutdown$$00000002      0x00000142   Section        0  libshutdown2.o(.ARM.Collect$$libshutdown$$00000002)
    .ARM.Collect$$libshutdown$$00000004      0x00000142   Section        0  libshutdown2.o(.ARM.Collect$$libshutdown$$00000004)
    .ARM.Collect$$libshutdown$$00000006      0x00000142   Section        0  libshutdown2.o(.ARM.Collect$$libshutdown$$00000006)
    .ARM.Collect$$libshutdown$$00000009      0x00000142   Section        0  libshutdown2.o(.ARM.Collect$$libshutdown$$00000009)
    .ARM.Collect$$libshutdown$$0000000C      0x00000142   Section        0  libshutdown2.o(.ARM.Collect$$libshutdown$$0000000C)
    .ARM.Collect$$libshutdown$$0000000E      0x00000142   Section        0  libshutdown2.o(.ARM.Collect$$libshutdown$$0000000E)
    .ARM.Collect$$libshutdown$$00000011      0x00000142   Section        0  libshutdown2.o(.ARM.Collect$$libshutdown$$00000011)
    .ARM.Collect$$libshutdown$$00000012      0x00000142   Section        2  libshutdown2.o(.ARM.Collect$$libshutdown$$00000012)
    .ARM.Collect$$rtentry$$00000000          0x00000144   Section        0  __rtentry.o(.ARM.Collect$$rtentry$$00000000)
    .ARM.Collect$$rtentry$$00000002          0x00000144   Section        0  __rtentry2.o(.ARM.Collect$$rtentry$$00000002)
    .ARM.Collect$$rtentry$$00000004          0x00000144   Section        6  __rtentry4.o(.ARM.Collect$$rtentry$$00000004)
    .ARM.Collect$$rtentry$$00000009          0x0000014a   Section        0  __rtentry2.o(.ARM.Collect$$rtentry$$00000009)
    .ARM.Collect$$rtentry$$0000000A          0x0000014a   Section        4  __rtentry2.o(.ARM.Collect$$rtentry$$0000000A)
    .ARM.Collect$$rtentry$$0000000B          0x0000014e   Section        8  __rtentry2.o(.ARM.Collect$$rtentry$$0000000B)
    .ARM.Collect$$rtentry$$0000000D          0x00000156   Section        8  __rtentry2.o(.ARM.Collect$$rtentry$$0000000D)
    .ARM.Collect$$rtexit$$00000000           0x0000015e   Section        2  rtexit.o(.ARM.Collect$$rtexit$$00000000)
    .ARM.Collect$$rtexit$$00000002           0x00000160   Section        0  rtexit2.o(.ARM.Collect$$rtexit$$00000002)
    .ARM.Collect$$rtexit$$00000003           0x00000160   Section        4  rtexit2.o(.ARM.Collect$$rtexit$$00000003)
    .ARM.Collect$$rtexit$$00000004           0x00000164   Section        6  rtexit2.o(.ARM.Collect$$rtexit$$00000004)
    .emb_text                                0x0000016c   Section       28  rtx_conf_cm.o(.emb_text)
    .emb_text                                0x00000188   Section      356  hal_cm0.o(.emb_text)
    .emb_text                                0x000002ec   Section       56  rt_memcpy.o(.emb_text)
    .text                                    0x00000324   Section        0  rtx_conf_cm.o(.text)
    __tagsym$$used                           0x0000038f   Number         0  rtx_conf_cm.o(.text)
    __tagsym$$used                           0x000003a5   Number         0  rtx_conf_cm.o(.text)
    .text                                    0x000003d8   Section        8  libspace.o(.text)
    .text                                    0x000003e0   Section        0  exit.o(.text)
    .text                                    0x000003f0   Section        0  heapauxi.o(.text)
    .text                                    0x000003f6   Section        2  use_no_semi.o(.text)
    .text                                    0x000003f8   Section        0  indicate_semi.o(.text)
    SVC_TABLE                                0x000003f8   Section        4  svc_table.o(SVC_TABLE)
    i.os_tick_irqack                         0x000003fc   Section        0  rt_system.o(i.os_tick_irqack)
    x$fpl$usenofp                            0x000003fe   Section        0  usenofp.o(x$fpl$usenofp)
    .ARM.__at_0x400                          0x00000400   Section       16  startup_mkl25z4.o(.ARM.__at_0x400)
    .text                                    0x00000410   Section        0  blinky.o(.text)
    __NVIC_SetPriority                       0x00000411   Thumb Code   110  blinky.o(.text)
    __NVIC_EnableIRQ                         0x000010bd   Thumb Code    26  blinky.o(.text)
    __NVIC_ClearPendingIRQ                   0x000010d7   Thumb Code    18  blinky.o(.text)
    .text                                    0x000010f0   Section       64  startup_mkl25z4.o(.text)
    .text                                    0x00001130   Section        0  system_mkl25z4.o(.text)
    .text                                    0x000012cc   Section      346  aeabi_sdiv.o(.text)
    .text                                    0x00001428   Section        0  d2f.o(.text)
    .text                                    0x000014a4   Section        0  daddsub.o(.text)
    _dadd1                                   0x000014a5   Thumb Code   290  daddsub.o(.text)
    _dsub1                                   0x000015c7   Thumb Code   470  daddsub.o(.text)
    .text                                    0x000017fc   Section        0  f2d.o(.text)
    .text                                    0x00001850   Section        0  fdiv.o(.text)
    .text                                    0x000019b0   Section        0  ffixui.o(.text)
    .text                                    0x000019e0   Section        0  fflti.o(.text)
    .text                                    0x00001a40   Section        0  fcmpin.o(.text)
    .text                                    0x00001aa4   Section        0  cmpret.o(.text)
    .text                                    0x00001ad4   Section        0  fnan2.o(.text)
    .text                                    0x00001ae4   Section        0  sys_exit.o(.text)
    .text                                    0x00001af0   Section       62  sys_stackheap_outer.o(.text)
    .text                                    0x00001b2e   Section        0  retnan.o(.text)
    i.__ARM_common_switch8                   0x00001b8c   Section        0  system_mkl25z4.o(i.__ARM_common_switch8)
    i._init_box                              0x00001ba8   Section        0  rt_membox.o(i._init_box)
    i.isrMessageGet                          0x00001bf0   Section        0  rt_cmsis.o(i.isrMessageGet)
    i.isrMessagePut                          0x00001c1e   Section        0  rt_cmsis.o(i.isrMessagePut)
    i.isr_mbx_receive                        0x00001c4e   Section        0  rt_mailbox.o(i.isr_mbx_receive)
    i.isr_mbx_send                           0x00001c9a   Section        0  rt_mailbox.o(i.isr_mbx_send)
    i.osKernelInitialize                     0x00001ca8   Section        0  rt_cmsis.o(i.osKernelInitialize)
    i.osKernelStart                          0x00001cd0   Section        0  rt_cmsis.o(i.osKernelStart)
    i.osMessageGet                           0x00001d3c   Section        0  rt_cmsis.o(i.osMessageGet)
    i.osThreadCreate                         0x00001d58   Section        0  rt_cmsis.o(i.osThreadCreate)
    i.osThreadExit                           0x00001d8c   Section        0  rt_cmsis.o(i.osThreadExit)
    i.osTimerCall                            0x00001da4   Section        0  rt_cmsis.o(i.osTimerCall)
    i.osTimerThread                          0x00001db4   Section        0  rt_cmsis.o(i.osTimerThread)
    i.os_tick_init                           0x00001de0   Section        0  rt_system.o(i.os_tick_init)
    i.rt_alloc_box                           0x00001e0c   Section        0  rt_membox.o(i.rt_alloc_box)
    i.rt_alloc_mem                           0x00001e2a   Section        0  rt_memory.o(i.rt_alloc_mem)
    i.rt_block                               0x00001e6c   Section        0  rt_task.o(i.rt_block)
    i.rt_chk_robin                           0x00001ea4   Section        0  rt_robin.o(i.rt_chk_robin)
    i.rt_dec_dly                             0x00001ee8   Section        0  rt_list.o(i.rt_dec_dly)
    i.rt_dispatch                            0x00001f5c   Section        0  rt_task.o(i.rt_dispatch)
    i.rt_evt_psh                             0x00001f9c   Section        0  rt_event.o(i.rt_evt_psh)
    i.rt_free_box                            0x00001fec   Section        0  rt_membox.o(i.rt_free_box)
    i.rt_free_mem                            0x00002012   Section        0  rt_memory.o(i.rt_free_mem)
    i.rt_get_first                           0x00002042   Section        0  rt_list.o(i.rt_get_first)
    i.rt_id2obj                              0x0000206c   Section        0  rt_cmsis.o(i.rt_id2obj)
    rt_id2obj                                0x0000206d   Thumb Code     8  rt_cmsis.o(i.rt_id2obj)
    i.rt_init_context                        0x00002074   Section        0  rt_task.o(i.rt_init_context)
    rt_init_context                          0x00002075   Thumb Code    66  rt_task.o(i.rt_init_context)
    i.rt_init_mem                            0x000020bc   Section        0  rt_memory.o(i.rt_init_mem)
    i.rt_init_robin                          0x000020d8   Section        0  rt_robin.o(i.rt_init_robin)
    i.rt_init_stack                          0x000020f0   Section        0  hal_cm.o(i.rt_init_stack)
    i.rt_mbx_check                           0x00002168   Section        0  rt_mailbox.o(i.rt_mbx_check)
    i.rt_mbx_init                            0x00002170   Section        0  rt_mailbox.o(i.rt_mbx_init)
    i.rt_mbx_psh                             0x00002194   Section        0  rt_mailbox.o(i.rt_mbx_psh)
    i.rt_mbx_wait                            0x00002264   Section        0  rt_mailbox.o(i.rt_mbx_wait)
    i.rt_ms2tick                             0x00002314   Section        0  rt_cmsis.o(i.rt_ms2tick)
    rt_ms2tick                               0x00002315   Thumb Code    56  rt_cmsis.o(i.rt_ms2tick)
    i.rt_mut_init                            0x00002358   Section        0  rt_mutex.o(i.rt_mut_init)
    i.rt_mut_release                         0x00002368   Section        0  rt_mutex.o(i.rt_mut_release)
    i.rt_mut_wait                            0x00002440   Section        0  rt_mutex.o(i.rt_mut_wait)
    i.rt_pop_req                             0x000024c0   Section        0  rt_system.o(i.rt_pop_req)
    i.rt_psh_req                             0x00002530   Section        0  rt_system.o(i.rt_psh_req)
    i.rt_psq_enq                             0x00002550   Section        0  rt_list.o(i.rt_psq_enq)
    i.rt_put_dly                             0x00002590   Section        0  rt_list.o(i.rt_put_dly)
    i.rt_put_prio                            0x000025e0   Section        0  rt_list.o(i.rt_put_prio)
    i.rt_put_rdy_first                       0x0000261c   Section        0  rt_list.o(i.rt_put_rdy_first)
    i.rt_resort_prio                         0x00002630   Section        0  rt_list.o(i.rt_resort_prio)
    i.rt_ret_val                             0x00002660   Section        0  hal_cm.o(i.rt_ret_val)
    i.rt_ret_val2                            0x00002666   Section        0  hal_cm.o(i.rt_ret_val2)
    i.rt_rmv_dly                             0x0000266e   Section        0  rt_list.o(i.rt_rmv_dly)
    i.rt_rmv_list                            0x00002698   Section        0  rt_list.o(i.rt_rmv_list)
    i.rt_sem_psh                             0x000026cc   Section        0  rt_semaphore.o(i.rt_sem_psh)
    i.rt_stk_check                           0x00002700   Section        0  rt_system.o(i.rt_stk_check)
    i.rt_switch_req                          0x00002728   Section        0  rt_task.o(i.rt_switch_req)
    i.rt_sys_init                            0x00002738   Section        0  rt_task.o(i.rt_sys_init)
    i.rt_sys_start                           0x00002800   Section        0  rt_task.o(i.rt_sys_start)
    i.rt_systick                             0x00002864   Section        0  rt_system.o(i.rt_systick)
    i.rt_tid2ptcb                            0x000028a0   Section        0  rt_cmsis.o(i.rt_tid2ptcb)
    rt_tid2ptcb                              0x000028a1   Thumb Code    18  rt_cmsis.o(i.rt_tid2ptcb)
    i.rt_timer_insert                        0x000028b4   Section        0  rt_cmsis.o(i.rt_timer_insert)
    rt_timer_insert                          0x000028b5   Thumb Code    52  rt_cmsis.o(i.rt_timer_insert)
    i.rt_tsk_create                          0x000028ec   Section        0  rt_task.o(i.rt_tsk_create)
    i.rt_tsk_delete                          0x00002964   Section        0  rt_task.o(i.rt_tsk_delete)
    i.rt_tsk_prio                            0x00002abc   Section        0  rt_task.o(i.rt_tsk_prio)
    i.rt_tsk_self                            0x00002b3c   Section        0  rt_task.o(i.rt_tsk_self)
    i.svcKernelInitialize                    0x00002b4c   Section        0  rt_cmsis.o(i.svcKernelInitialize)
    i.svcKernelStart                         0x00002bc4   Section        0  rt_cmsis.o(i.svcKernelStart)
    i.svcMessageCreate                       0x00002c10   Section        0  rt_cmsis.o(i.svcMessageCreate)
    i.svcMessageGet                          0x00002c3a   Section        0  rt_cmsis.o(i.svcMessageGet)
    i.svcThreadCreate                        0x00002c78   Section        0  rt_cmsis.o(i.svcThreadCreate)
    i.svcThreadGetId                         0x00002cec   Section        0  rt_cmsis.o(i.svcThreadGetId)
    i.svcThreadTerminate                     0x00002d08   Section        0  rt_cmsis.o(i.svcThreadTerminate)
    i.svcTimerCall                           0x00002d44   Section        0  rt_cmsis.o(i.svcTimerCall)
    i.sysTimerTick                           0x00002d60   Section        0  rt_cmsis.o(i.sysTimerTick)
    x$fpl$fadd                               0x00002db8   Section      140  faddsub.o(x$fpl$fadd)
    _fadd1                                   0x00002dc5   Thumb Code     0  faddsub.o(x$fpl$fadd)
    x$fpl$fleqf                              0x00002e44   Section       84  flef.o(x$fpl$fleqf)
    x$fpl$fmul                               0x00002e98   Section      176  fmul.o(x$fpl$fmul)
    x$fpl$frleqf                             0x00002f48   Section       88  frlef.o(x$fpl$frleqf)
    x$fpl$fsub                               0x00002fa0   Section      208  faddsub.o(x$fpl$fsub)
    _fsub1                                   0x00002fad   Thumb Code     0  faddsub.o(x$fpl$fsub)
    .constdata                               0x00003070   Section      304  blinky.o(.constdata)
    .constdata                               0x000031a0   Section      104  rtx_conf_cm.o(.constdata)
    __tagsym$$used                           0x000031bc   Number         0  rtx_conf_cm.o(.constdata)
    __tagsym$$used                           0x000031c0   Number         0  rtx_conf_cm.o(.constdata)
    __tagsym$$used                           0x000031c4   Number         0  rtx_conf_cm.o(.constdata)
    __tagsym$$used                           0x000031c8   Number         0  rtx_conf_cm.o(.constdata)
    .constdata                               0x00003208   Section       64  fdiv.o(.constdata)
    fdiv_tab                                 0x00003208   Data          64  fdiv.o(.constdata)
    .data                                    0x1ffff000   Section        1  blinky.o(.data)
    .data                                    0x1ffff004   Section       20  rtx_conf_cm.o(.data)
    nr_mutex                                 0x1ffff014   Data           4  rtx_conf_cm.o(.data)
    .data                                    0x1ffff018   Section        4  system_mkl25z4.o(.data)
    .data                                    0x1ffff01c   Section        8  rt_cmsis.o(.data)
    .data                                    0x1ffff024   Section        8  rt_task.o(.data)
    .data                                    0x1ffff02c   Section        8  rt_system.o(.data)
    os_lock                                  0x1ffff02c   Data           1  rt_system.o(.data)
    os_psh_flag                              0x1ffff02d   Data           1  rt_system.o(.data)
    pend_flags                               0x1ffff02e   Data           1  rt_system.o(.data)
    .data                                    0x1ffff034   Section        4  rt_time.o(.data)
    .data                                    0x1ffff038   Section        8  rt_robin.o(.data)
    .bss                                     0x1ffff040   Section      240  blinky.o(.bss)
    .bss                                     0x1ffff130   Section     1964  rtx_conf_cm.o(.bss)
    std_libspace                             0x1ffff6dc   Data         384  rtx_conf_cm.o(.bss)
    std_libmutex                             0x1ffff85c   Data         128  rtx_conf_cm.o(.bss)
    .bss                                     0x1ffff8dc   Section       52  rt_task.o(.bss)
    .bss                                     0x1ffff910   Section       48  rt_list.o(.bss)
    .bss                                     0x1ffff940   Section       96  libspace.o(.bss)
    HEAP                                     0x1ffff9a0   Section        0  startup_mkl25z4.o(HEAP)
    STACK                                    0x1ffff9a0   Section      256  startup_mkl25z4.o(STACK)
    Heap_Mem                                 0x1ffff9a0   Data           0  startup_mkl25z4.o(HEAP)
    Stack_Mem                                0x1ffff9a0   Data         256  startup_mkl25z4.o(STACK)
    __initial_sp                             0x1ffffaa0   Data           0  startup_mkl25z4.o(STACK)

    Global Symbols

    Symbol Name                              Value     Ov Type        Size  Object(Section)

    BuildAttributes$$THM_ISAv3M$S$PE$A:L22$X:L11$S22$IEEE1$IW$USESV6$~STKCKD$USESV7$~SHL$OSPACE$ROPI$EBA8$UX$STANDARDLIB$REQ8$PRES8$EABIv2 0x00000000   Number         0  anon$$obj.o ABSOLUTE
    __ARM_use_no_argv                        0x00000000   Number         0  blinky.o ABSOLUTE
    __Vectors                                0x00000000   Data           4  startup_mkl25z4.o(RESET)
    __ARM_exceptions_init                     - Undefined Weak Reference
    __alloca_initialize                       - Undefined Weak Reference
    __arm_fini_                               - Undefined Weak Reference
    __arm_preinit_                            - Undefined Weak Reference
    __cpp_initialize__aeabi_                  - Undefined Weak Reference
    __cxa_finalize                            - Undefined Weak Reference
    __rt_locale                               - Undefined Weak Reference
    __sigvec_lookup                           - Undefined Weak Reference
    _atexit_init                              - Undefined Weak Reference
    _call_atexit_fns                          - Undefined Weak Reference
    _clock_init                               - Undefined Weak Reference
    _fp_trap_init                             - Undefined Weak Reference
    _fp_trap_shutdown                         - Undefined Weak Reference
    _get_lc_collate                           - Undefined Weak Reference
    _get_lc_ctype                             - Undefined Weak Reference
    _get_lc_monetary                          - Undefined Weak Reference
    _get_lc_numeric                           - Undefined Weak Reference
    _get_lc_time                              - Undefined Weak Reference
    _getenv_init                              - Undefined Weak Reference
    _handle_redirection                       - Undefined Weak Reference
    _init_alloc                               - Undefined Weak Reference
    _init_user_alloc                          - Undefined Weak Reference
    _initio                                   - Undefined Weak Reference
    _rand_init                                - Undefined Weak Reference
    _signal_finish                            - Undefined Weak Reference
    _signal_init                              - Undefined Weak Reference
    _terminate_alloc                          - Undefined Weak Reference
    _terminate_user_alloc                     - Undefined Weak Reference
    _terminateio                              - Undefined Weak Reference
    __Vectors_End                            0x000000c0   Data           0  startup_mkl25z4.o(RESET)
    __Vectors_Size                           0x000000c0   Number         0  startup_mkl25z4.o ABSOLUTE
    __main                                   0x000000c1   Thumb Code     8  __main.o(!!!main)
    __scatterload                            0x000000c9   Thumb Code     0  __scatter.o(!!!scatter)
    __scatterload_rt2                        0x000000c9   Thumb Code    52  __scatter.o(!!!scatter)
    __scatterload_rt2_thumb_only             0x000000c9   Thumb Code     0  __scatter.o(!!!scatter)
    __scatterload_null                       0x000000d9   Thumb Code     0  __scatter.o(!!!scatter)
    __scatterload_copy                       0x00000105   Thumb Code    26  __scatter_copy.o(!!handler_copy)
    __scatterload_zeroinit                   0x00000121   Thumb Code    28  __scatter_zi.o(!!handler_zi)
    __rt_lib_init                            0x0000013d   Thumb Code     0  libinit.o(.ARM.Collect$$libinit$$00000000)
    __rt_lib_init_alloca_1                   0x0000013f   Thumb Code     0  libinit2.o(.ARM.Collect$$libinit$$0000002E)
    __rt_lib_init_argv_1                     0x0000013f   Thumb Code     0  libinit2.o(.ARM.Collect$$libinit$$0000002C)
    __rt_lib_init_atexit_1                   0x0000013f   Thumb Code     0  libinit2.o(.ARM.Collect$$libinit$$0000001B)
    __rt_lib_init_clock_1                    0x0000013f   Thumb Code     0  libinit2.o(.ARM.Collect$$libinit$$00000021)
    __rt_lib_init_cpp_1                      0x0000013f   Thumb Code     0  libinit2.o(.ARM.Collect$$libinit$$00000032)
    __rt_lib_init_exceptions_1               0x0000013f   Thumb Code     0  libinit2.o(.ARM.Collect$$libinit$$00000030)
    __rt_lib_init_fp_1                       0x0000013f   Thumb Code     0  libinit2.o(.ARM.Collect$$libinit$$00000002)
    __rt_lib_init_fp_trap_1                  0x0000013f   Thumb Code     0  libinit2.o(.ARM.Collect$$libinit$$0000001F)
    __rt_lib_init_getenv_1                   0x0000013f   Thumb Code     0  libinit2.o(.ARM.Collect$$libinit$$00000023)
    __rt_lib_init_heap_1                     0x0000013f   Thumb Code     0  libinit2.o(.ARM.Collect$$libinit$$0000000A)
    __rt_lib_init_lc_collate_1               0x0000013f   Thumb Code     0  libinit2.o(.ARM.Collect$$libinit$$00000011)
    __rt_lib_init_lc_ctype_1                 0x0000013f   Thumb Code     0  libinit2.o(.ARM.Collect$$libinit$$00000013)
    __rt_lib_init_lc_monetary_1              0x0000013f   Thumb Code     0  libinit2.o(.ARM.Collect$$libinit$$00000015)
    __rt_lib_init_lc_numeric_1               0x0000013f   Thumb Code     0  libinit2.o(.ARM.Collect$$libinit$$00000017)
    __rt_lib_init_lc_time_1                  0x0000013f   Thumb Code     0  libinit2.o(.ARM.Collect$$libinit$$00000019)
    __rt_lib_init_preinit_1                  0x0000013f   Thumb Code     0  libinit2.o(.ARM.Collect$$libinit$$00000004)
    __rt_lib_init_rand_1                     0x0000013f   Thumb Code     0  libinit2.o(.ARM.Collect$$libinit$$0000000E)
    __rt_lib_init_return                     0x0000013f   Thumb Code     0  libinit2.o(.ARM.Collect$$libinit$$00000033)
    __rt_lib_init_signal_1                   0x0000013f   Thumb Code     0  libinit2.o(.ARM.Collect$$libinit$$0000001D)
    __rt_lib_init_stdio_1                    0x0000013f   Thumb Code     0  libinit2.o(.ARM.Collect$$libinit$$00000025)
    __rt_lib_init_user_alloc_1               0x0000013f   Thumb Code     0  libinit2.o(.ARM.Collect$$libinit$$0000000C)
    __rt_lib_shutdown                        0x00000141   Thumb Code     0  libshutdown.o(.ARM.Collect$$libshutdown$$00000000)
    __rt_lib_shutdown_cpp_1                  0x00000143   Thumb Code     0  libshutdown2.o(.ARM.Collect$$libshutdown$$00000004)
    __rt_lib_shutdown_fini_1                 0x00000143   Thumb Code     0  libshutdown2.o(.ARM.Collect$$libshutdown$$00000002)
    __rt_lib_shutdown_fp_trap_1              0x00000143   Thumb Code     0  libshutdown2.o(.ARM.Collect$$libshutdown$$00000009)
    __rt_lib_shutdown_heap_1                 0x00000143   Thumb Code     0  libshutdown2.o(.ARM.Collect$$libshutdown$$00000011)
    __rt_lib_shutdown_return                 0x00000143   Thumb Code     0  libshutdown2.o(.ARM.Collect$$libshutdown$$00000012)
    __rt_lib_shutdown_signal_1               0x00000143   Thumb Code     0  libshutdown2.o(.ARM.Collect$$libshutdown$$0000000C)
    __rt_lib_shutdown_stdio_1                0x00000143   Thumb Code     0  libshutdown2.o(.ARM.Collect$$libshutdown$$00000006)
    __rt_lib_shutdown_user_alloc_1           0x00000143   Thumb Code     0  libshutdown2.o(.ARM.Collect$$libshutdown$$0000000E)
    __rt_entry                               0x00000145   Thumb Code     0  __rtentry.o(.ARM.Collect$$rtentry$$00000000)
    __rt_entry_presh_1                       0x00000145   Thumb Code     0  __rtentry2.o(.ARM.Collect$$rtentry$$00000002)
    __rt_entry_sh                            0x00000145   Thumb Code     0  __rtentry4.o(.ARM.Collect$$rtentry$$00000004)
    __rt_entry_li                            0x0000014b   Thumb Code     0  __rtentry2.o(.ARM.Collect$$rtentry$$0000000A)
    __rt_entry_postsh_1                      0x0000014b   Thumb Code     0  __rtentry2.o(.ARM.Collect$$rtentry$$00000009)
    __rt_entry_postli_1                      0x0000014f   Thumb Code     0  __rtentry2.o(.ARM.Collect$$rtentry$$0000000B)
    __rt_entry_main                          0x00000157   Thumb Code     0  __rtentry2.o(.ARM.Collect$$rtentry$$0000000D)
    __rt_exit                                0x0000015f   Thumb Code     0  rtexit.o(.ARM.Collect$$rtexit$$00000000)
    __rt_exit_ls                             0x00000161   Thumb Code     0  rtexit2.o(.ARM.Collect$$rtexit$$00000003)
    __rt_exit_prels_1                        0x00000161   Thumb Code     0  rtexit2.o(.ARM.Collect$$rtexit$$00000002)
    __rt_exit_exit                           0x00000165   Thumb Code     0  rtexit2.o(.ARM.Collect$$rtexit$$00000004)
    _platform_post_lib_init                  0x0000016d   Thumb Code    24  rtx_conf_cm.o(.emb_text)
    rt_set_PSP                               0x00000189   Thumb Code     6  hal_cm0.o(.emb_text)
    rt_get_PSP                               0x0000018f   Thumb Code     6  hal_cm0.o(.emb_text)
    os_set_env                               0x00000195   Thumb Code    32  hal_cm0.o(.emb_text)
    _alloc_box                               0x000001b9   Thumb Code    28  hal_cm0.o(.emb_text)
    _free_box                                0x000001d9   Thumb Code    28  hal_cm0.o(.emb_text)
    SVC_Handler                              0x000001f9   Thumb Code   136  hal_cm0.o(.emb_text)
    PendSV_Handler                           0x0000028d   Thumb Code    72  hal_cm0.o(.emb_text)
    SysTick_Handler                          0x000002d9   Thumb Code     8  hal_cm0.o(.emb_text)
    OS_Tick_Handler                          0x000002e1   Thumb Code    12  hal_cm0.o(.emb_text)
    __aeabi_memcpy4                          0x000002ed   Thumb Code    56  rt_memcpy.o(.emb_text)
    __aeabi_memcpy8                          0x000002ed   Thumb Code     0  rt_memcpy.o(.emb_text)
    os_idle_demon                            0x00000325   Thumb Code     4  rtx_conf_cm.o(.text)
    os_error                                 0x00000329   Thumb Code    34  rtx_conf_cm.o(.text)
    __user_perthread_libspace                0x0000034b   Thumb Code    34  rtx_conf_cm.o(.text)
    _mutex_initialize                        0x0000036d   Thumb Code    34  rtx_conf_cm.o(.text)
    _mutex_acquire                           0x0000038f   Thumb Code    22  rtx_conf_cm.o(.text)
    _mutex_release                           0x000003a5   Thumb Code    20  rtx_conf_cm.o(.text)
    __user_libspace                          0x000003d9   Thumb Code     8  libspace.o(.text)
    __user_perproc_libspace                  0x000003d9   Thumb Code     0  libspace.o(.text)
    exit                                     0x000003e1   Thumb Code    16  exit.o(.text)
    __use_two_region_memory                  0x000003f1   Thumb Code     2  heapauxi.o(.text)
    __rt_heap_escrow$2region                 0x000003f3   Thumb Code     2  heapauxi.o(.text)
    __rt_heap_expand$2region                 0x000003f5   Thumb Code     2  heapauxi.o(.text)
    __I$use$semihosting                      0x000003f7   Thumb Code     0  use_no_semi.o(.text)
    __use_no_semihosting_swi                 0x000003f7   Thumb Code     2  use_no_semi.o(.text)
    SVC_Count                                0x000003f8   Data           4  svc_table.o(SVC_TABLE)
    __semihosting_library_function           0x000003f9   Thumb Code     0  indicate_semi.o(.text)
    SVC_Table                                0x000003fc   Data           0  svc_table.o(SVC_TABLE)
    os_tick_irqack                           0x000003fd   Thumb Code     2  rt_system.o(i.os_tick_irqack)
    __I$use$fp                               0x000003fe   Number         0  usenofp.o(x$fpl$usenofp)
    calculate_speed                          0x0000047f   Thumb Code   152  blinky.o(.text)
    __RL_RTX_VER                             0x00000482   Number         0  rt_system.o ABSOLUTE
    Delay                                    0x00000517   Thumb Code    16  blinky.o(.text)
    motor_control                            0x00000527   Thumb Code   102  blinky.o(.text)
    home_axis                                0x0000058d   Thumb Code    78  blinky.o(.text)
    initalize_TPM2                           0x000005db   Thumb Code    48  blinky.o(.text)
    initalize_GPIO                           0x0000060b   Thumb Code  1328  blinky.o(.text)
    PORTA_IRQHandler                         0x00000b3b   Thumb Code   390  blinky.o(.text)
    PORTD_IRQHandler                         0x00000cc1   Thumb Code   168  blinky.o(.text)
    speed_PID                                0x00000d69   Thumb Code   510  blinky.o(.text)
    TPM2_IRQHandler                          0x00000f67   Thumb Code    32  blinky.o(.text)
    main                                     0x00000f87   Thumb Code   310  blinky.o(.text)
    Reset_Handler                            0x000010f1   Thumb Code    12  startup_mkl25z4.o(.text)
    NMI_Handler                              0x000010fd   Thumb Code     2  startup_mkl25z4.o(.text)
    HardFault_Handler                        0x000010ff   Thumb Code     2  startup_mkl25z4.o(.text)
    ADC0_IRQHandler                          0x00001107   Thumb Code     0  startup_mkl25z4.o(.text)
    CMP0_IRQHandler                          0x00001107   Thumb Code     0  startup_mkl25z4.o(.text)
    DAC0_IRQHandler                          0x00001107   Thumb Code     0  startup_mkl25z4.o(.text)
    DMA0_IRQHandler                          0x00001107   Thumb Code     0  startup_mkl25z4.o(.text)
    DMA1_IRQHandler                          0x00001107   Thumb Code     0  startup_mkl25z4.o(.text)
    DMA2_IRQHandler                          0x00001107   Thumb Code     0  startup_mkl25z4.o(.text)
    DMA3_IRQHandler                          0x00001107   Thumb Code     0  startup_mkl25z4.o(.text)
    DefaultISR                               0x00001107   Thumb Code     0  startup_mkl25z4.o(.text)
    FTFA_IRQHandler                          0x00001107   Thumb Code     0  startup_mkl25z4.o(.text)
    I2C0_IRQHandler                          0x00001107   Thumb Code     0  startup_mkl25z4.o(.text)
    I2C1_IRQHandler                          0x00001107   Thumb Code     0  startup_mkl25z4.o(.text)
    LLWU_IRQHandler                          0x00001107   Thumb Code     0  startup_mkl25z4.o(.text)
    LPTMR0_IRQHandler                        0x00001107   Thumb Code     0  startup_mkl25z4.o(.text)
    LVD_LVW_IRQHandler                       0x00001107   Thumb Code     0  startup_mkl25z4.o(.text)
    MCG_IRQHandler                           0x00001107   Thumb Code     0  startup_mkl25z4.o(.text)
    PIT_IRQHandler                           0x00001107   Thumb Code     0  startup_mkl25z4.o(.text)
    RTC_IRQHandler                           0x00001107   Thumb Code     0  startup_mkl25z4.o(.text)
    RTC_Seconds_IRQHandler                   0x00001107   Thumb Code     0  startup_mkl25z4.o(.text)
    Reserved20_IRQHandler                    0x00001107   Thumb Code     0  startup_mkl25z4.o(.text)
    Reserved39_IRQHandler                    0x00001107   Thumb Code     0  startup_mkl25z4.o(.text)
    Reserved45_IRQHandler                    0x00001107   Thumb Code     0  startup_mkl25z4.o(.text)
    SPI0_IRQHandler                          0x00001107   Thumb Code     0  startup_mkl25z4.o(.text)
    SPI1_IRQHandler                          0x00001107   Thumb Code     0  startup_mkl25z4.o(.text)
    TPM0_IRQHandler                          0x00001107   Thumb Code     0  startup_mkl25z4.o(.text)
    TPM1_IRQHandler                          0x00001107   Thumb Code     0  startup_mkl25z4.o(.text)
    TSI0_IRQHandler                          0x00001107   Thumb Code     0  startup_mkl25z4.o(.text)
    UART0_IRQHandler                         0x00001107   Thumb Code     0  startup_mkl25z4.o(.text)
    UART1_IRQHandler                         0x00001107   Thumb Code     0  startup_mkl25z4.o(.text)
    UART2_IRQHandler                         0x00001107   Thumb Code     0  startup_mkl25z4.o(.text)
    USB0_IRQHandler                          0x00001107   Thumb Code     0  startup_mkl25z4.o(.text)
    __user_initial_stackheap                 0x0000110d   Thumb Code     0  startup_mkl25z4.o(.text)
    SystemInit                               0x00001131   Thumb Code     8  system_mkl25z4.o(.text)
    SystemCoreClockUpdate                    0x00001139   Thumb Code   374  system_mkl25z4.o(.text)
    __aeabi_uidiv                            0x000012cd   Thumb Code     0  aeabi_sdiv.o(.text)
    __aeabi_uidivmod                         0x000012cd   Thumb Code    20  aeabi_sdiv.o(.text)
    __aeabi_idiv                             0x000012e1   Thumb Code     0  aeabi_sdiv.o(.text)
    __aeabi_idivmod                          0x000012e1   Thumb Code   326  aeabi_sdiv.o(.text)
    __aeabi_d2f                              0x00001429   Thumb Code     0  d2f.o(.text)
    _d2f                                     0x00001429   Thumb Code   120  d2f.o(.text)
    __aeabi_dadd                             0x0000179d   Thumb Code     0  daddsub.o(.text)
    _dadd                                    0x0000179d   Thumb Code    26  daddsub.o(.text)
    __aeabi_dsub                             0x000017b7   Thumb Code     0  daddsub.o(.text)
    _dsub                                    0x000017b7   Thumb Code    22  daddsub.o(.text)
    __aeabi_drsub                            0x000017cd   Thumb Code     0  daddsub.o(.text)
    _drsb                                    0x000017cd   Thumb Code    28  daddsub.o(.text)
    __aeabi_f2d                              0x000017fd   Thumb Code     0  f2d.o(.text)
    _f2d                                     0x000017fd   Thumb Code    80  f2d.o(.text)
    __aeabi_fdiv                             0x00001851   Thumb Code     0  fdiv.o(.text)
    _fdiv                                    0x00001851   Thumb Code   334  fdiv.o(.text)
    _frdiv                                   0x0000199f   Thumb Code     8  fdiv.o(.text)
    __aeabi_f2uiz                            0x000019b1   Thumb Code     0  ffixui.o(.text)
    _ffixu                                   0x000019b1   Thumb Code    48  ffixui.o(.text)
    __aeabi_i2f_normalise                    0x000019e1   Thumb Code    72  fflti.o(.text)
    __aeabi_i2f                              0x00001a29   Thumb Code    16  fflti.o(.text)
    _fflt                                    0x00001a29   Thumb Code     0  fflti.o(.text)
    __aeabi_ui2f                             0x00001a39   Thumb Code     6  fflti.o(.text)
    _ffltu                                   0x00001a39   Thumb Code     0  fflti.o(.text)
    __fpl_fcmp_InfNaN                        0x00001a41   Thumb Code    96  fcmpin.o(.text)
    __fpl_cmpreturn                          0x00001aa5   Thumb Code    46  cmpret.o(.text)
    __fpl_fcheck_NaN2                        0x00001ad5   Thumb Code    10  fnan2.o(.text)
    _sys_exit                                0x00001ae5   Thumb Code     8  sys_exit.o(.text)
    __user_setup_stackheap                   0x00001af1   Thumb Code    62  sys_stackheap_outer.o(.text)
    __fpl_return_NaN                         0x00001b2f   Thumb Code    94  retnan.o(.text)
    __ARM_common_switch8                     0x00001b8d   Thumb Code    28  system_mkl25z4.o(i.__ARM_common_switch8)
    _init_box                                0x00001ba9   Thumb Code    72  rt_membox.o(i._init_box)
    isrMessageGet                            0x00001bf1   Thumb Code    46  rt_cmsis.o(i.isrMessageGet)
    isrMessagePut                            0x00001c1f   Thumb Code    48  rt_cmsis.o(i.isrMessagePut)
    isr_mbx_receive                          0x00001c4f   Thumb Code    76  rt_mailbox.o(i.isr_mbx_receive)
    isr_mbx_send                             0x00001c9b   Thumb Code    12  rt_mailbox.o(i.isr_mbx_send)
    osKernelInitialize                       0x00001ca9   Thumb Code    36  rt_cmsis.o(i.osKernelInitialize)
    osKernelStart                            0x00001cd1   Thumb Code   100  rt_cmsis.o(i.osKernelStart)
    osMessageGet                             0x00001d3d   Thumb Code    24  rt_cmsis.o(i.osMessageGet)
    osThreadCreate                           0x00001d59   Thumb Code    44  rt_cmsis.o(i.osThreadCreate)
    osThreadExit                             0x00001d8d   Thumb Code    14  rt_cmsis.o(i.osThreadExit)
    osTimerCall                              0x00001da5   Thumb Code    10  rt_cmsis.o(i.osTimerCall)
    osTimerThread                            0x00001db5   Thumb Code    38  rt_cmsis.o(i.osTimerThread)
    os_tick_init                             0x00001de1   Thumb Code    32  rt_system.o(i.os_tick_init)
    rt_alloc_box                             0x00001e0d   Thumb Code    30  rt_membox.o(i.rt_alloc_box)
    rt_alloc_mem                             0x00001e2b   Thumb Code    66  rt_memory.o(i.rt_alloc_mem)
    rt_block                                 0x00001e6d   Thumb Code    42  rt_task.o(i.rt_block)
    rt_chk_robin                             0x00001ea5   Thumb Code    56  rt_robin.o(i.rt_chk_robin)
    rt_dec_dly                               0x00001ee9   Thumb Code   108  rt_list.o(i.rt_dec_dly)
    rt_dispatch                              0x00001f5d   Thumb Code    56  rt_task.o(i.rt_dispatch)
    rt_evt_psh                               0x00001f9d   Thumb Code    74  rt_event.o(i.rt_evt_psh)
    rt_free_box                              0x00001fed   Thumb Code    38  rt_membox.o(i.rt_free_box)
    rt_free_mem                              0x00002013   Thumb Code    48  rt_memory.o(i.rt_free_mem)
    rt_get_first                             0x00002043   Thumb Code    42  rt_list.o(i.rt_get_first)
    rt_init_mem                              0x000020bd   Thumb Code    28  rt_memory.o(i.rt_init_mem)
    rt_init_robin                            0x000020d9   Thumb Code    14  rt_robin.o(i.rt_init_robin)
    rt_init_stack                            0x000020f1   Thumb Code   106  hal_cm.o(i.rt_init_stack)
    rt_mbx_check                             0x00002169   Thumb Code     8  rt_mailbox.o(i.rt_mbx_check)
    rt_mbx_init                              0x00002171   Thumb Code    30  rt_mailbox.o(i.rt_mbx_init)
    rt_mbx_psh                               0x00002195   Thumb Code   204  rt_mailbox.o(i.rt_mbx_psh)
    rt_mbx_wait                              0x00002265   Thumb Code   170  rt_mailbox.o(i.rt_mbx_wait)
    rt_mut_init                              0x00002359   Thumb Code    16  rt_mutex.o(i.rt_mut_init)
    rt_mut_release                           0x00002369   Thumb Code   206  rt_mutex.o(i.rt_mut_release)
    rt_mut_wait                              0x00002441   Thumb Code   118  rt_mutex.o(i.rt_mut_wait)
    rt_pop_req                               0x000024c1   Thumb Code   100  rt_system.o(i.rt_pop_req)
    rt_psh_req                               0x00002531   Thumb Code    24  rt_system.o(i.rt_psh_req)
    rt_psq_enq                               0x00002551   Thumb Code    60  rt_list.o(i.rt_psq_enq)
    rt_put_dly                               0x00002591   Thumb Code    74  rt_list.o(i.rt_put_dly)
    rt_put_prio                              0x000025e1   Thumb Code    60  rt_list.o(i.rt_put_prio)
    rt_put_rdy_first                         0x0000261d   Thumb Code    14  rt_list.o(i.rt_put_rdy_first)
    rt_resort_prio                           0x00002631   Thumb Code    44  rt_list.o(i.rt_resort_prio)
    rt_ret_val                               0x00002661   Thumb Code     6  hal_cm.o(i.rt_ret_val)
    rt_ret_val2                              0x00002667   Thumb Code     8  hal_cm.o(i.rt_ret_val2)
    rt_rmv_dly                               0x0000266f   Thumb Code    42  rt_list.o(i.rt_rmv_dly)
    rt_rmv_list                              0x00002699   Thumb Code    46  rt_list.o(i.rt_rmv_list)
    rt_sem_psh                               0x000026cd   Thumb Code    48  rt_semaphore.o(i.rt_sem_psh)
    rt_stk_check                             0x00002701   Thumb Code    30  rt_system.o(i.rt_stk_check)
    rt_switch_req                            0x00002729   Thumb Code    10  rt_task.o(i.rt_switch_req)
    rt_sys_init                              0x00002739   Thumb Code   134  rt_task.o(i.rt_sys_init)
    rt_sys_start                             0x00002801   Thumb Code    82  rt_task.o(i.rt_sys_start)
    rt_systick                               0x00002865   Thumb Code    48  rt_system.o(i.rt_systick)
    rt_tsk_create                            0x000028ed   Thumb Code   106  rt_task.o(i.rt_tsk_create)
    rt_tsk_delete                            0x00002965   Thumb Code   318  rt_task.o(i.rt_tsk_delete)
    rt_tsk_prio                              0x00002abd   Thumb Code   112  rt_task.o(i.rt_tsk_prio)
    rt_tsk_self                              0x00002b3d   Thumb Code    12  rt_task.o(i.rt_tsk_self)
    svcKernelInitialize                      0x00002b4d   Thumb Code    86  rt_cmsis.o(i.svcKernelInitialize)
    svcKernelStart                           0x00002bc5   Thumb Code    66  rt_cmsis.o(i.svcKernelStart)
    svcMessageCreate                         0x00002c11   Thumb Code    42  rt_cmsis.o(i.svcMessageCreate)
    svcMessageGet                            0x00002c3b   Thumb Code    60  rt_cmsis.o(i.svcMessageGet)
    svcThreadCreate                          0x00002c79   Thumb Code   102  rt_cmsis.o(i.svcThreadCreate)
    svcThreadGetId                           0x00002ced   Thumb Code    22  rt_cmsis.o(i.svcThreadGetId)
    svcThreadTerminate                       0x00002d09   Thumb Code    56  rt_cmsis.o(i.svcThreadTerminate)
    svcTimerCall                             0x00002d45   Thumb Code    28  rt_cmsis.o(i.svcTimerCall)
    sysTimerTick                             0x00002d61   Thumb Code    78  rt_cmsis.o(i.sysTimerTick)
    __aeabi_fadd                             0x00002db9   Thumb Code     0  faddsub.o(x$fpl$fadd)
    _fadd                                    0x00002db9   Thumb Code   134  faddsub.o(x$fpl$fadd)
    __aeabi_cfcmple                          0x00002e45   Thumb Code     0  flef.o(x$fpl$fleqf)
    _fcmple                                  0x00002e45   Thumb Code    78  flef.o(x$fpl$fleqf)
    __aeabi_fmul                             0x00002e99   Thumb Code     0  fmul.o(x$fpl$fmul)
    _fmul                                    0x00002e99   Thumb Code   172  fmul.o(x$fpl$fmul)
    __aeabi_cfrcmple                         0x00002f49   Thumb Code     0  frlef.o(x$fpl$frleqf)
    _frcmple                                 0x00002f49   Thumb Code    84  frlef.o(x$fpl$frleqf)
    __aeabi_fsub                             0x00002fa1   Thumb Code     0  faddsub.o(x$fpl$fsub)
    _fsub                                    0x00002fa1   Thumb Code   204  faddsub.o(x$fpl$fsub)
    enc_LUT                                  0x00003070   Data          64  blinky.o(.constdata)
    os_maxtaskrun                            0x000031a0   Data           2  rtx_conf_cm.o(.constdata)
    os_stackinfo                             0x000031a4   Data           4  rtx_conf_cm.o(.constdata)
    os_rrobin                                0x000031a8   Data           4  rtx_conf_cm.o(.constdata)
    os_tickfreq                              0x000031ac   Data           4  rtx_conf_cm.o(.constdata)
    os_tickus_i                              0x000031b0   Data           2  rtx_conf_cm.o(.constdata)
    os_tickus_f                              0x000031b2   Data           2  rtx_conf_cm.o(.constdata)
    os_trv                                   0x000031b4   Data           4  rtx_conf_cm.o(.constdata)
    os_flags                                 0x000031b8   Data           1  rtx_conf_cm.o(.constdata)
    CMSIS_RTOS_API_Version                   0x000031bc   Data           4  rtx_conf_cm.o(.constdata)
    CMSIS_RTOS_RTX_Version                   0x000031c0   Data           4  rtx_conf_cm.o(.constdata)
    os_clockrate                             0x000031c4   Data           4  rtx_conf_cm.o(.constdata)
    os_timernum                              0x000031c8   Data           4  rtx_conf_cm.o(.constdata)
    mp_tcb_size                              0x000031cc   Data           2  rtx_conf_cm.o(.constdata)
    mp_stk_size                              0x000031d0   Data           4  rtx_conf_cm.o(.constdata)
    os_stack_sz                              0x000031d4   Data           4  rtx_conf_cm.o(.constdata)
    os_fifo_size                             0x000031d8   Data           1  rtx_conf_cm.o(.constdata)
    os_thread_def_osTimerThread              0x000031dc   Data          16  rtx_conf_cm.o(.constdata)
    os_messageQ_def_osTimerMessageQ          0x000031ec   Data           8  rtx_conf_cm.o(.constdata)
    mp_tmr_size                              0x000031f4   Data           2  rtx_conf_cm.o(.constdata)
    os_thread_def_main                       0x000031f8   Data          16  rtx_conf_cm.o(.constdata)
    Region$$Table$$Base                      0x00003248   Number         0  anon$$obj.o(Region$$Table)
    Region$$Table$$Limit                     0x00003268   Number         0  anon$$obj.o(Region$$Table)
    PORTD_ISR_Mode                           0x1ffff000   Data           1  blinky.o(.data)
    osThreadId_osTimerThread                 0x1ffff004   Data           4  rtx_conf_cm.o(.data)
    osMessageQId_osTimerMessageQ             0x1ffff008   Data           4  rtx_conf_cm.o(.data)
    os_tmr                                   0x1ffff00c   Data           4  rtx_conf_cm.o(.data)
    m_tmr                                    0x1ffff010   Data           4  rtx_conf_cm.o(.data)
    SystemCoreClock                          0x1ffff018   Data           4  system_mkl25z4.o(.data)
    os_initialized                           0x1ffff01c   Data           1  rt_cmsis.o(.data)
    os_running                               0x1ffff01d   Data           1  rt_cmsis.o(.data)
    os_timer_head                            0x1ffff020   Data           4  rt_cmsis.o(.data)
    os_tsk                                   0x1ffff024   Data           8  rt_task.o(.data)
    os_tick_irqn                             0x1ffff030   Data           4  rt_system.o(.data)
    os_time                                  0x1ffff034   Data           4  rt_time.o(.data)
    os_robin                                 0x1ffff038   Data           8  rt_robin.o(.data)
    dof_axes                                 0x1ffff040   Data         240  blinky.o(.bss)
    mp_tcb                                   0x1ffff130   Data         220  rtx_conf_cm.o(.bss)
    mp_stk                                   0x1ffff210   Data         616  rtx_conf_cm.o(.bss)
    os_stack_mem                             0x1ffff478   Data         432  rtx_conf_cm.o(.bss)
    os_fifo                                  0x1ffff628   Data         132  rtx_conf_cm.o(.bss)
    os_active_TCB                            0x1ffff6ac   Data          16  rtx_conf_cm.o(.bss)
    os_messageQ_q_osTimerMessageQ            0x1ffff6bc   Data          32  rtx_conf_cm.o(.bss)
    os_idle_TCB                              0x1ffff8dc   Data          52  rt_task.o(.bss)
    os_rdy                                   0x1ffff910   Data          24  rt_list.o(.bss)
    os_dly                                   0x1ffff928   Data          24  rt_list.o(.bss)
    __libspace_start                         0x1ffff940   Data          96  libspace.o(.bss)
    __temporary_stack_top$libspace           0x1ffff9a0   Data           0  libspace.o(.bss)



==============================================================================

Memory Map of the image

  Image Entry point : 0x000000c1

  Load Region LR_IROM1 (Base: 0x00000000, Size: 0x000032a8, Max: 0x00020000, ABSOLUTE)

    Execution Region ER_IROM1 (Exec base: 0x00000000, Load base: 0x00000000, Size: 0x00003268, Max: 0x00020000, ABSOLUTE)

    Exec Addr    Load Addr    Size         Type   Attr      Idx    E Section Name        Object

    0x00000000   0x00000000   0x000000c0   Data   RO          123    RESET               startup_mkl25z4.o
    0x000000c0   0x000000c0   0x00000008   Code   RO         1363  * !!!main             c_p.l(__main.o)
    0x000000c8   0x000000c8   0x0000003c   Code   RO         1566    !!!scatter          c_p.l(__scatter.o)
    0x00000104   0x00000104   0x0000001a   Code   RO         1568    !!handler_copy      c_p.l(__scatter_copy.o)
    0x0000011e   0x0000011e   0x00000002   PAD
    0x00000120   0x00000120   0x0000001c   Code   RO         1570    !!handler_zi        c_p.l(__scatter_zi.o)
    0x0000013c   0x0000013c   0x00000002   Code   RO         1447    .ARM.Collect$$libinit$$00000000  c_p.l(libinit.o)
    0x0000013e   0x0000013e   0x00000000   Code   RO         1462    .ARM.Collect$$libinit$$00000002  c_p.l(libinit2.o)
    0x0000013e   0x0000013e   0x00000000   Code   RO         1464    .ARM.Collect$$libinit$$00000004  c_p.l(libinit2.o)
    0x0000013e   0x0000013e   0x00000000   Code   RO         1467    .ARM.Collect$$libinit$$0000000A  c_p.l(libinit2.o)
    0x0000013e   0x0000013e   0x00000000   Code   RO         1469    .ARM.Collect$$libinit$$0000000C  c_p.l(libinit2.o)
    0x0000013e   0x0000013e   0x00000000   Code   RO         1471    .ARM.Collect$$libinit$$0000000E  c_p.l(libinit2.o)
    0x0000013e   0x0000013e   0x00000000   Code   RO         1474    .ARM.Collect$$libinit$$00000011  c_p.l(libinit2.o)
    0x0000013e   0x0000013e   0x00000000   Code   RO         1476    .ARM.Collect$$libinit$$00000013  c_p.l(libinit2.o)
    0x0000013e   0x0000013e   0x00000000   Code   RO         1478    .ARM.Collect$$libinit$$00000015  c_p.l(libinit2.o)
    0x0000013e   0x0000013e   0x00000000   Code   RO         1480    .ARM.Collect$$libinit$$00000017  c_p.l(libinit2.o)
    0x0000013e   0x0000013e   0x00000000   Code   RO         1482    .ARM.Collect$$libinit$$00000019  c_p.l(libinit2.o)
    0x0000013e   0x0000013e   0x00000000   Code   RO         1484    .ARM.Collect$$libinit$$0000001B  c_p.l(libinit2.o)
    0x0000013e   0x0000013e   0x00000000   Code   RO         1486    .ARM.Collect$$libinit$$0000001D  c_p.l(libinit2.o)
    0x0000013e   0x0000013e   0x00000000   Code   RO         1488    .ARM.Collect$$libinit$$0000001F  c_p.l(libinit2.o)
    0x0000013e   0x0000013e   0x00000000   Code   RO         1490    .ARM.Collect$$libinit$$00000021  c_p.l(libinit2.o)
    0x0000013e   0x0000013e   0x00000000   Code   RO         1492    .ARM.Collect$$libinit$$00000023  c_p.l(libinit2.o)
    0x0000013e   0x0000013e   0x00000000   Code   RO         1494    .ARM.Collect$$libinit$$00000025  c_p.l(libinit2.o)
    0x0000013e   0x0000013e   0x00000000   Code   RO         1498    .ARM.Collect$$libinit$$0000002C  c_p.l(libinit2.o)
    0x0000013e   0x0000013e   0x00000000   Code   RO         1500    .ARM.Collect$$libinit$$0000002E  c_p.l(libinit2.o)
    0x0000013e   0x0000013e   0x00000000   Code   RO         1502    .ARM.Collect$$libinit$$00000030  c_p.l(libinit2.o)
    0x0000013e   0x0000013e   0x00000000   Code   RO         1504    .ARM.Collect$$libinit$$00000032  c_p.l(libinit2.o)
    0x0000013e   0x0000013e   0x00000002   Code   RO         1505    .ARM.Collect$$libinit$$00000033  c_p.l(libinit2.o)
    0x00000140   0x00000140   0x00000002   Code   RO         1448    .ARM.Collect$$libshutdown$$00000000  c_p.l(libshutdown.o)
    0x00000142   0x00000142   0x00000000   Code   RO         1507    .ARM.Collect$$libshutdown$$00000002  c_p.l(libshutdown2.o)
    0x00000142   0x00000142   0x00000000   Code   RO         1509    .ARM.Collect$$libshutdown$$00000004  c_p.l(libshutdown2.o)
    0x00000142   0x00000142   0x00000000   Code   RO         1511    .ARM.Collect$$libshutdown$$00000006  c_p.l(libshutdown2.o)
    0x00000142   0x00000142   0x00000000   Code   RO         1514    .ARM.Collect$$libshutdown$$00000009  c_p.l(libshutdown2.o)
    0x00000142   0x00000142   0x00000000   Code   RO         1517    .ARM.Collect$$libshutdown$$0000000C  c_p.l(libshutdown2.o)
    0x00000142   0x00000142   0x00000000   Code   RO         1519    .ARM.Collect$$libshutdown$$0000000E  c_p.l(libshutdown2.o)
    0x00000142   0x00000142   0x00000000   Code   RO         1522    .ARM.Collect$$libshutdown$$00000011  c_p.l(libshutdown2.o)
    0x00000142   0x00000142   0x00000002   Code   RO         1523    .ARM.Collect$$libshutdown$$00000012  c_p.l(libshutdown2.o)
    0x00000144   0x00000144   0x00000000   Code   RO         1390    .ARM.Collect$$rtentry$$00000000  c_p.l(__rtentry.o)
    0x00000144   0x00000144   0x00000000   Code   RO         1405    .ARM.Collect$$rtentry$$00000002  c_p.l(__rtentry2.o)
    0x00000144   0x00000144   0x00000006   Code   RO         1417    .ARM.Collect$$rtentry$$00000004  c_p.l(__rtentry4.o)
    0x0000014a   0x0000014a   0x00000000   Code   RO         1407    .ARM.Collect$$rtentry$$00000009  c_p.l(__rtentry2.o)
    0x0000014a   0x0000014a   0x00000004   Code   RO         1408    .ARM.Collect$$rtentry$$0000000A  c_p.l(__rtentry2.o)
    0x0000014e   0x0000014e   0x00000008   Code   RO         1409    .ARM.Collect$$rtentry$$0000000B  c_p.l(__rtentry2.o)
    0x00000156   0x00000156   0x00000008   Code   RO         1411    .ARM.Collect$$rtentry$$0000000D  c_p.l(__rtentry2.o)
    0x0000015e   0x0000015e   0x00000002   Code   RO         1391    .ARM.Collect$$rtexit$$00000000  c_p.l(rtexit.o)
    0x00000160   0x00000160   0x00000000   Code   RO         1420    .ARM.Collect$$rtexit$$00000002  c_p.l(rtexit2.o)
    0x00000160   0x00000160   0x00000004   Code   RO         1421    .ARM.Collect$$rtexit$$00000003  c_p.l(rtexit2.o)
    0x00000164   0x00000164   0x00000006   Code   RO         1422    .ARM.Collect$$rtexit$$00000004  c_p.l(rtexit2.o)
    0x0000016a   0x0000016a   0x00000002   PAD
    0x0000016c   0x0000016c   0x0000001c   Code   RO           90    .emb_text           rtx_conf_cm.o
    0x00000188   0x00000188   0x00000164   Code   RO         1331    .emb_text           RTX_CM0.lib(hal_cm0.o)
    0x000002ec   0x000002ec   0x00000038   Code   RO         1353    .emb_text           c_p.l(rt_memcpy.o)
    0x00000324   0x00000324   0x000000b4   Code   RO           91    .text               rtx_conf_cm.o
    0x000003d8   0x000003d8   0x00000008   Code   RO         1346    .text               c_p.l(libspace.o)
    0x000003e0   0x000003e0   0x00000010   Code   RO         1351    .text               c_p.l(exit.o)
    0x000003f0   0x000003f0   0x00000006   Code   RO         1361    .text               c_p.l(heapauxi.o)
    0x000003f6   0x000003f6   0x00000002   Code   RO         1451    .text               c_p.l(use_no_semi.o)
    0x000003f8   0x000003f8   0x00000000   Code   RO         1453    .text               c_p.l(indicate_semi.o)
    0x000003f8   0x000003f8   0x00000004   Code   RO         1341    SVC_TABLE           RTX_CM0.lib(svc_table.o)
    0x000003fc   0x000003fc   0x00000002   Code   RO          902    i.os_tick_irqack    RTX_CM0.lib(rt_system.o)
    0x000003fe   0x000003fe   0x00000000   Code   RO         1403    x$fpl$usenofp       fz_ps.l(usenofp.o)
    0x000003fe   0x000003fe   0x00000002   PAD
    0x00000400   0x00000400   0x00000010   Code   RO          124    .ARM.__at_0x400     startup_mkl25z4.o
    0x00000410   0x00000410   0x00000ce0   Code   RO            3    .text               blinky.o
    0x000010f0   0x000010f0   0x00000040   Code   RO          125    .text               startup_mkl25z4.o
    0x00001130   0x00001130   0x0000019c   Code   RO          133    .text               system_mkl25z4.o
    0x000012cc   0x000012cc   0x0000015a   Code   RO         1357    .text               c_p.l(aeabi_sdiv.o)
    0x00001426   0x00001426   0x00000002   PAD
    0x00001428   0x00001428   0x0000007c   Code   RO         1365    .text               fz_ps.l(d2f.o)
    0x000014a4   0x000014a4   0x00000358   Code   RO         1367    .text               fz_ps.l(daddsub.o)
    0x000017fc   0x000017fc   0x00000054   Code   RO         1369    .text               fz_ps.l(f2d.o)
    0x00001850   0x00001850   0x00000160   Code   RO         1377    .text               fz_ps.l(fdiv.o)
    0x000019b0   0x000019b0   0x00000030   Code   RO         1380    .text               fz_ps.l(ffixui.o)
    0x000019e0   0x000019e0   0x0000005e   Code   RO         1382    .text               fz_ps.l(fflti.o)
    0x00001a3e   0x00001a3e   0x00000002   PAD
    0x00001a40   0x00001a40   0x00000064   Code   RO         1401    .text               fz_ps.l(fcmpin.o)
    0x00001aa4   0x00001aa4   0x0000002e   Code   RO         1428    .text               fz_ps.l(cmpret.o)
    0x00001ad2   0x00001ad2   0x00000002   PAD
    0x00001ad4   0x00001ad4   0x00000010   Code   RO         1430    .text               fz_ps.l(fnan2.o)
    0x00001ae4   0x00001ae4   0x0000000c   Code   RO         1432    .text               c_p.l(sys_exit.o)
    0x00001af0   0x00001af0   0x0000003e   Code   RO         1434    .text               c_p.l(sys_stackheap_outer.o)
    0x00001b2e   0x00001b2e   0x0000005e   Code   RO         1449    .text               fz_ps.l(retnan.o)
    0x00001b8c   0x00001b8c   0x0000001c   Code   RO          151    i.__ARM_common_switch8  system_mkl25z4.o
    0x00001ba8   0x00001ba8   0x00000048   Code   RO         1254    i._init_box         RTX_CM0.lib(rt_membox.o)
    0x00001bf0   0x00001bf0   0x0000002e   Code   RO          161    i.isrMessageGet     RTX_CM0.lib(rt_cmsis.o)
    0x00001c1e   0x00001c1e   0x00000030   Code   RO          162    i.isrMessagePut     RTX_CM0.lib(rt_cmsis.o)
    0x00001c4e   0x00001c4e   0x0000004c   Code   RO         1109    i.isr_mbx_receive   RTX_CM0.lib(rt_mailbox.o)
    0x00001c9a   0x00001c9a   0x0000000c   Code   RO         1110    i.isr_mbx_send      RTX_CM0.lib(rt_mailbox.o)
    0x00001ca6   0x00001ca6   0x00000002   PAD
    0x00001ca8   0x00001ca8   0x00000028   Code   RO          166    i.osKernelInitialize  RTX_CM0.lib(rt_cmsis.o)
    0x00001cd0   0x00001cd0   0x0000006c   Code   RO          168    i.osKernelStart     RTX_CM0.lib(rt_cmsis.o)
    0x00001d3c   0x00001d3c   0x0000001c   Code   RO          177    i.osMessageGet      RTX_CM0.lib(rt_cmsis.o)
    0x00001d58   0x00001d58   0x00000034   Code   RO          194    i.osThreadCreate    RTX_CM0.lib(rt_cmsis.o)
    0x00001d8c   0x00001d8c   0x00000018   Code   RO          195    i.osThreadExit      RTX_CM0.lib(rt_cmsis.o)
    0x00001da4   0x00001da4   0x00000010   Code   RO          201    i.osTimerCall       RTX_CM0.lib(rt_cmsis.o)
    0x00001db4   0x00001db4   0x0000002c   Code   RO          206    i.osTimerThread     RTX_CM0.lib(rt_cmsis.o)
    0x00001de0   0x00001de0   0x0000002c   Code   RO          901    i.os_tick_init      RTX_CM0.lib(rt_system.o)
    0x00001e0c   0x00001e0c   0x0000001e   Code   RO         1255    i.rt_alloc_box      RTX_CM0.lib(rt_membox.o)
    0x00001e2a   0x00001e2a   0x00000042   Code   RO         1283    i.rt_alloc_mem      RTX_CM0.lib(rt_memory.o)
    0x00001e6c   0x00001e6c   0x00000038   Code   RO          782    i.rt_block          RTX_CM0.lib(rt_task.o)
    0x00001ea4   0x00001ea4   0x00000044   Code   RO         1232    i.rt_chk_robin      RTX_CM0.lib(rt_robin.o)
    0x00001ee8   0x00001ee8   0x00000074   Code   RO         1033    i.rt_dec_dly        RTX_CM0.lib(rt_list.o)
    0x00001f5c   0x00001f5c   0x00000040   Code   RO          783    i.rt_dispatch       RTX_CM0.lib(rt_task.o)
    0x00001f9c   0x00001f9c   0x00000050   Code   RO          994    i.rt_evt_psh        RTX_CM0.lib(rt_event.o)
    0x00001fec   0x00001fec   0x00000026   Code   RO         1256    i.rt_free_box       RTX_CM0.lib(rt_membox.o)
    0x00002012   0x00002012   0x00000030   Code   RO         1284    i.rt_free_mem       RTX_CM0.lib(rt_memory.o)
    0x00002042   0x00002042   0x0000002a   Code   RO         1034    i.rt_get_first      RTX_CM0.lib(rt_list.o)
    0x0000206c   0x0000206c   0x00000008   Code   RO          211    i.rt_id2obj         RTX_CM0.lib(rt_cmsis.o)
    0x00002074   0x00002074   0x00000048   Code   RO          784    i.rt_init_context   RTX_CM0.lib(rt_task.o)
    0x000020bc   0x000020bc   0x0000001c   Code   RO         1285    i.rt_init_mem       RTX_CM0.lib(rt_memory.o)
    0x000020d8   0x000020d8   0x00000018   Code   RO         1233    i.rt_init_robin     RTX_CM0.lib(rt_robin.o)
    0x000020f0   0x000020f0   0x00000078   Code   RO         1307    i.rt_init_stack     RTX_CM0.lib(hal_cm.o)
    0x00002168   0x00002168   0x00000008   Code   RO         1111    i.rt_mbx_check      RTX_CM0.lib(rt_mailbox.o)
    0x00002170   0x00002170   0x00000024   Code   RO         1112    i.rt_mbx_init       RTX_CM0.lib(rt_mailbox.o)
    0x00002194   0x00002194   0x000000d0   Code   RO         1113    i.rt_mbx_psh        RTX_CM0.lib(rt_mailbox.o)
    0x00002264   0x00002264   0x000000b0   Code   RO         1115    i.rt_mbx_wait       RTX_CM0.lib(rt_mailbox.o)
    0x00002314   0x00002314   0x00000044   Code   RO          212    i.rt_ms2tick        RTX_CM0.lib(rt_cmsis.o)
    0x00002358   0x00002358   0x00000010   Code   RO          867    i.rt_mut_init       RTX_CM0.lib(rt_mutex.o)
    0x00002368   0x00002368   0x000000d8   Code   RO          868    i.rt_mut_release    RTX_CM0.lib(rt_mutex.o)
    0x00002440   0x00002440   0x00000080   Code   RO          869    i.rt_mut_wait       RTX_CM0.lib(rt_mutex.o)
    0x000024c0   0x000024c0   0x00000070   Code   RO          905    i.rt_pop_req        RTX_CM0.lib(rt_system.o)
    0x00002530   0x00002530   0x00000020   Code   RO          906    i.rt_psh_req        RTX_CM0.lib(rt_system.o)
    0x00002550   0x00002550   0x00000040   Code   RO         1036    i.rt_psq_enq        RTX_CM0.lib(rt_list.o)
    0x00002590   0x00002590   0x00000050   Code   RO         1037    i.rt_put_dly        RTX_CM0.lib(rt_list.o)
    0x000025e0   0x000025e0   0x0000003c   Code   RO         1038    i.rt_put_prio       RTX_CM0.lib(rt_list.o)
    0x0000261c   0x0000261c   0x00000014   Code   RO         1039    i.rt_put_rdy_first  RTX_CM0.lib(rt_list.o)
    0x00002630   0x00002630   0x00000030   Code   RO         1040    i.rt_resort_prio    RTX_CM0.lib(rt_list.o)
    0x00002660   0x00002660   0x00000006   Code   RO         1308    i.rt_ret_val        RTX_CM0.lib(hal_cm.o)
    0x00002666   0x00002666   0x00000008   Code   RO         1309    i.rt_ret_val2       RTX_CM0.lib(hal_cm.o)
    0x0000266e   0x0000266e   0x0000002a   Code   RO         1041    i.rt_rmv_dly        RTX_CM0.lib(rt_list.o)
    0x00002698   0x00002698   0x00000034   Code   RO         1042    i.rt_rmv_list       RTX_CM0.lib(rt_list.o)
    0x000026cc   0x000026cc   0x00000034   Code   RO         1160    i.rt_sem_psh        RTX_CM0.lib(rt_semaphore.o)
    0x00002700   0x00002700   0x00000028   Code   RO          908    i.rt_stk_check      RTX_CM0.lib(rt_system.o)
    0x00002728   0x00002728   0x00000010   Code   RO          785    i.rt_switch_req     RTX_CM0.lib(rt_task.o)
    0x00002738   0x00002738   0x000000c8   Code   RO          786    i.rt_sys_init       RTX_CM0.lib(rt_task.o)
    0x00002800   0x00002800   0x00000064   Code   RO          787    i.rt_sys_start      RTX_CM0.lib(rt_task.o)
    0x00002864   0x00002864   0x0000003c   Code   RO          910    i.rt_systick        RTX_CM0.lib(rt_system.o)
    0x000028a0   0x000028a0   0x00000012   Code   RO          213    i.rt_tid2ptcb       RTX_CM0.lib(rt_cmsis.o)
    0x000028b2   0x000028b2   0x00000002   PAD
    0x000028b4   0x000028b4   0x00000038   Code   RO          214    i.rt_timer_insert   RTX_CM0.lib(rt_cmsis.o)
    0x000028ec   0x000028ec   0x00000078   Code   RO          788    i.rt_tsk_create     RTX_CM0.lib(rt_task.o)
    0x00002964   0x00002964   0x00000158   Code   RO          789    i.rt_tsk_delete     RTX_CM0.lib(rt_task.o)
    0x00002abc   0x00002abc   0x00000080   Code   RO          791    i.rt_tsk_prio       RTX_CM0.lib(rt_task.o)
    0x00002b3c   0x00002b3c   0x00000010   Code   RO          792    i.rt_tsk_self       RTX_CM0.lib(rt_task.o)
    0x00002b4c   0x00002b4c   0x00000078   Code   RO          217    i.svcKernelInitialize  RTX_CM0.lib(rt_cmsis.o)
    0x00002bc4   0x00002bc4   0x0000004c   Code   RO          219    i.svcKernelStart    RTX_CM0.lib(rt_cmsis.o)
    0x00002c10   0x00002c10   0x0000002a   Code   RO          222    i.svcMessageCreate  RTX_CM0.lib(rt_cmsis.o)
    0x00002c3a   0x00002c3a   0x0000003c   Code   RO          223    i.svcMessageGet     RTX_CM0.lib(rt_cmsis.o)
    0x00002c76   0x00002c76   0x00000002   PAD
    0x00002c78   0x00002c78   0x00000074   Code   RO          237    i.svcThreadCreate   RTX_CM0.lib(rt_cmsis.o)
    0x00002cec   0x00002cec   0x0000001c   Code   RO          238    i.svcThreadGetId    RTX_CM0.lib(rt_cmsis.o)
    0x00002d08   0x00002d08   0x0000003c   Code   RO          241    i.svcThreadTerminate  RTX_CM0.lib(rt_cmsis.o)
    0x00002d44   0x00002d44   0x0000001c   Code   RO          243    i.svcTimerCall      RTX_CM0.lib(rt_cmsis.o)
    0x00002d60   0x00002d60   0x00000058   Code   RO          252    i.sysTimerTick      RTX_CM0.lib(rt_cmsis.o)
    0x00002db8   0x00002db8   0x0000008c   Code   RO         1371    x$fpl$fadd          fz_ps.l(faddsub.o)
    0x00002e44   0x00002e44   0x00000054   Code   RO         1384    x$fpl$fleqf         fz_ps.l(flef.o)
    0x00002e98   0x00002e98   0x000000b0   Code   RO         1386    x$fpl$fmul          fz_ps.l(fmul.o)
    0x00002f48   0x00002f48   0x00000058   Code   RO         1388    x$fpl$frleqf        fz_ps.l(frlef.o)
    0x00002fa0   0x00002fa0   0x000000d0   Code   RO         1373    x$fpl$fsub          fz_ps.l(faddsub.o)
    0x00003070   0x00003070   0x00000130   Data   RO            5    .constdata          blinky.o
    0x000031a0   0x000031a0   0x00000068   Data   RO           93    .constdata          rtx_conf_cm.o
    0x00003208   0x00003208   0x00000040   Data   RO         1378    .constdata          fz_ps.l(fdiv.o)
    0x00003248   0x00003248   0x00000020   Data   RO         1564    Region$$Table       anon$$obj.o


    Execution Region RW_IRAM1 (Exec base: 0x1ffff000, Load base: 0x00003268, Size: 0x00000aa0, Max: 0x00004000, ABSOLUTE)

    Exec Addr    Load Addr    Size         Type   Attr      Idx    E Section Name        Object

    0x1ffff000   0x00003268   0x00000001   Data   RW            6    .data               blinky.o
    0x1ffff001   0x00003269   0x00000003   PAD
    0x1ffff004   0x0000326c   0x00000014   Data   RW           94    .data               rtx_conf_cm.o
    0x1ffff018   0x00003280   0x00000004   Data   RW          134    .data               system_mkl25z4.o
    0x1ffff01c   0x00003284   0x00000008   Data   RW          255    .data               RTX_CM0.lib(rt_cmsis.o)
    0x1ffff024   0x0000328c   0x00000008   Data   RW          794    .data               RTX_CM0.lib(rt_task.o)
    0x1ffff02c   0x00003294   0x00000008   Data   RW          913    .data               RTX_CM0.lib(rt_system.o)
    0x1ffff034   0x0000329c   0x00000004   Data   RW         1203    .data               RTX_CM0.lib(rt_time.o)
    0x1ffff038   0x000032a0   0x00000008   Data   RW         1234    .data               RTX_CM0.lib(rt_robin.o)
    0x1ffff040        -       0x000000f0   Zero   RW            4    .bss                blinky.o
    0x1ffff130        -       0x000007ac   Zero   RW           92    .bss                rtx_conf_cm.o
    0x1ffff8dc        -       0x00000034   Zero   RW          793    .bss                RTX_CM0.lib(rt_task.o)
    0x1ffff910        -       0x00000030   Zero   RW         1043    .bss                RTX_CM0.lib(rt_list.o)
    0x1ffff940        -       0x00000060   Zero   RW         1347    .bss                c_p.l(libspace.o)
    0x1ffff9a0        -       0x00000000   Zero   RW          122    HEAP                startup_mkl25z4.o
    0x1ffff9a0        -       0x00000100   Zero   RW          121    STACK               startup_mkl25z4.o


==============================================================================

Image component sizes


      Code (inc. data)   RO Data    RW Data    ZI Data      Debug   Object Name

      3296        168        304          1        240     230341   blinky.o
       208         38        104         20       1964       8965   rtx_conf_cm.o
        80         44        192          0        256        964   startup_mkl25z4.o
       440         40          0          4          0       1365   system_mkl25z4.o

    ----------------------------------------------------------------------
      4024        290        632         28       2460     241635   Object Totals
         0          0         32          0          0          0   (incl. Generated)
         0          0          0          3          0          0   (incl. Padding)

    ----------------------------------------------------------------------

      Code (inc. data)   RO Data    RW Data    ZI Data      Debug   Library Member Name

       134         14          0          0          0       1655   hal_cm.o
       356         40          0          0          0        828   hal_cm0.o
      1174        140          0          8          0      31277   rt_cmsis.o
        80          6          0          0          0        617   rt_event.o
       524         34          0          0         48       7981   rt_list.o
       516         16          0          0          0       3777   rt_mailbox.o
       140          0          0          0          0       1925   rt_membox.o
       142          0          0          0          0       2275   rt_memory.o
       360         20          0          0          0       2041   rt_mutex.o
        92         22          0          8          0       1098   rt_robin.o
        52          4          0          0          0        545   rt_semaphore.o
       290         54          0          8          0       5955   rt_system.o
      1116        178          0          8         52       9137   rt_task.o
         0          0          0          4          0        206   rt_time.o
         4          4          0          0          0        196   svc_table.o
         8          0          0          0          0         68   __main.o
         0          0          0          0          0          0   __rtentry.o
        20          0          0          0          0          0   __rtentry2.o
         6          0          0          0          0          0   __rtentry4.o
        60          8          0          0          0          0   __scatter.o
        26          0          0          0          0          0   __scatter_copy.o
        28          0          0          0          0          0   __scatter_zi.o
       346          0          0          0          0         92   aeabi_sdiv.o
        16          0          0          0          0         68   exit.o
         6          0          0          0          0        136   heapauxi.o
         0          0          0          0          0          0   indicate_semi.o
         2          0          0          0          0          0   libinit.o
         2          0          0          0          0          0   libinit2.o
         2          0          0          0          0          0   libshutdown.o
         2          0          0          0          0          0   libshutdown2.o
         8          4          0          0         96         68   libspace.o
        56          0          0          0          0         68   rt_memcpy.o
         2          0          0          0          0          0   rtexit.o
        10          0          0          0          0          0   rtexit2.o
        12          4          0          0          0         60   sys_exit.o
        62          0          0          0          0         80   sys_stackheap_outer.o
         2          0          0          0          0         68   use_no_semi.o
        46          0          0          0          0         60   cmpret.o
       124          4          0          0          0         72   d2f.o
       856         20          0          0          0        208   daddsub.o
        84          4          0          0          0         60   f2d.o
       348          8          0          0          0        160   faddsub.o
       100          4          0          0          0         68   fcmpin.o
       352         10         64          0          0         92   fdiv.o
        48          0          0          0          0         60   ffixui.o
        94          0          0          0          0         92   fflti.o
        84          4          0          0          0         76   flef.o
       176          4          0          0          0         80   fmul.o
        16          6          0          0          0         68   fnan2.o
        88          4          0          0          0         76   frlef.o
        94          0          0          0          0         68   retnan.o
         0          0          0          0          0          0   usenofp.o

    ----------------------------------------------------------------------
      8184        616         64         36        196      71461   Library Totals
        18          0          0          0          0          0   (incl. Padding)

    ----------------------------------------------------------------------

      Code (inc. data)   RO Data    RW Data    ZI Data      Debug   Library Name

      4980        532          0         36        100      69513   RTX_CM0.lib
       676         16          0          0         96        708   c_p.l
      2510         68         64          0          0       1240   fz_ps.l

    ----------------------------------------------------------------------
      8184        616         64         36        196      71461   Library Totals

    ----------------------------------------------------------------------

==============================================================================


      Code (inc. data)   RO Data    RW Data    ZI Data      Debug   

     12208        906        696         64       2656     309060   Grand Totals
     12208        906        696         64       2656     309060   ELF Image Totals
     12208        906        696         64          0          0   ROM Totals

==============================================================================

    Total RO  Size (Code + RO Data)                12904 (  12.60kB)
    Total RW  Size (RW Data + ZI Data)              2720 (   2.66kB)
    Total ROM Size (Code + RO Data + RW Data)      12968 (  12.66kB)

==============================================================================

